graph: { title: "C:\Users\Saos\Git\Ada2\Ada_Drivers_Library\middleware\src\command_line\command_line-filesystem-list_directory.adb"
edge: { sourcename: "command_line__filesystem__list_directory__Tls_cmdCFD"
  targetname: "-9:command_line__filesystem__list_directory__ls_cmd,command_line__filesystem__list_directory__ls_cmd"
  label: "command_line-filesystem-list_directory.ads:34:9"
}
class {
  classname: "command_line__filesystem__list_directory__ls_cmd"
  label: "command_line__filesystem__list_directory__ls_cmd\command_line-filesystem-list_directory.ads:34:9"
  parent: "command_line__command"
  virtuals: "1:command_line__filesystem__list_directory__name,1:command_line__command\n
             2:command_line__filesystem__list_directory__execute,2:command_line__command\n
             3:command_line__filesystem__list_directory__help,3:command_line__command\n
             -1:command_line__filesystem__list_directory___size__2,-1:command_line__command\n
             -10:command_line__filesystem__list_directory__ls_cmdPI__2,-10:command_line__command\n
             -9:command_line__filesystem__list_directory__ls_cmdDF__2,-9:command_line__command"
}
edge: { sourcename: "command_line__filesystem__list_directory__execute"
  targetname: "1:command_line__arguments,command_line__arguments"
  label: "command_line-filesystem-list_directory.adb:113:42"
}
node: { title: "command_line__filesystem__list_directory__ls_cmdIP" label: "ls_cmdIP\n<built-in>\n24 bytes (static)" }
node: { title: "command_line__commandIP" label: "Commandip\nC:\Users\Saos\Git\Ada2\Ada_Drivers_Library\middleware\src\command_line\command_line.ads:102:9" shape : ellipse }
edge: { sourcename: "command_line__filesystem__list_directory__ls_cmdIP" targetname: "command_line__commandIP" label: "C:\Users\Saos\Git\Ada2\Ada_Drivers_Library\middleware\src\command_line\command_line-filesystem-list_directory.ads:52:19" }
node: { title: "command_line__filesystem__list_directory___size__2" label: "list_directory\n<built-in>\n16 bytes (static)" }
node: { title: "command_line__filesystem__list_directory__ls_cmdPI__2" label: "ls_cmdPI\n<built-in>\n16 bytes (static)" }
node: { title: "command_line__commandPI" label: "Commandpi\nC:\Users\Saos\Git\Ada2\Ada_Drivers_Library\middleware\src\command_line\command_line.ads:102:9" shape : ellipse }
edge: { sourcename: "command_line__filesystem__list_directory__ls_cmdPI__2" targetname: "command_line__commandPI" label: "C:\Users\Saos\Git\Ada2\Ada_Drivers_Library\middleware\src\command_line\command_line-filesystem-list_directory.ads:52:9" }
node: { title: "command_line__filesystem__list_directory__ls_cmdDF__2" label: "ls_cmdDF\n<built-in>\n16 bytes (static)" }
node: { title: "command_line__filesystem__list_directory__Tls_cmdCFD" label: "Tls_cmdCFD\n<built-in>\n16 bytes (static)" }
node: { title: "__indirect_call" label: "Indirect Call Placeholder" shape : ellipse }
edge: { sourcename: "command_line__filesystem__list_directory__Tls_cmdCFD" targetname: "__indirect_call" label: "C:\Users\Saos\Git\Ada2\Ada_Drivers_Library\middleware\src\command_line\command_line-filesystem-list_directory.ads:34:9" }
node: { title: "command_line__filesystem__list_directory__name" label: "Name\nC:\Users\Saos\Git\Ada2\Ada_Drivers_Library\middleware\src\command_line\command_line-filesystem-list_directory.ads:37:4\n24 bytes (static)" }
node: { title: "system__secondary_stack__ss_allocate" label: "Ss_Allocate\nC:\users\saos\appdata\local\alire\cache\toolchains\gnat_arm_elf_14.1.3_184f9b28\arm-eabi\lib\gnat\embedded-nrf52833\gnat\s-secsta.ads:58:14" shape : ellipse }
edge: { sourcename: "command_line__filesystem__list_directory__name" targetname: "system__secondary_stack__ss_allocate" label: "C:\Users\Saos\Git\Ada2\Ada_Drivers_Library\middleware\src\command_line\command_line-filesystem-list_directory.ads:38:8" }
node: { title: "command_line__filesystem__list_directory__finalize_spec" label: "finalize_spec\n<built-in>\n8 bytes (static)" }
node: { title: "ada__tags__unregister_tag" label: "Unregister_Tag\nC:\users\saos\appdata\local\alire\cache\toolchains\gnat_arm_elf_14.1.3_184f9b28\arm-eabi\lib\gnat\embedded-nrf52833\gnat\a-tags.ads:589:14" shape : ellipse }
edge: { sourcename: "command_line__filesystem__list_directory__finalize_spec" targetname: "ada__tags__unregister_tag" label: "C:\Users\Saos\Git\Ada2\Ada_Drivers_Library\middleware\src\command_line\command_line-filesystem-list_directory.ads:32:1" }
node: { title: "C:\Users\Saos\Git\Ada2\Ada_Drivers_Library\middleware\src\command_line\command_line-filesystem-list_directory.adb:command_line__filesystem__list_directory__execute__list__B_2___finalizer.1" label: "B_2\n<built-in>\n16 bytes (static)" }
node: { title: "system__secondary_stack__ss_release" label: "Ss_Release\nC:\users\saos\appdata\local\alire\cache\toolchains\gnat_arm_elf_14.1.3_184f9b28\arm-eabi\lib\gnat\embedded-nrf52833\gnat\s-secsta.ads:72:14" shape : ellipse }
edge: { sourcename: "C:\Users\Saos\Git\Ada2\Ada_Drivers_Library\middleware\src\command_line\command_line-filesystem-list_directory.adb:command_line__filesystem__list_directory__execute__list__B_2___finalizer.1" targetname: "system__secondary_stack__ss_release" label: "C:\Users\Saos\Git\Ada2\Ada_Drivers_Library\middleware\src\command_line\command_line-filesystem-list_directory.adb:73:13" }
node: { title: "C:\Users\Saos\Git\Ada2\Ada_Drivers_Library\middleware\src\command_line\command_line-filesystem-list_directory.adb:command_line__filesystem__list_directory__execute__list.0" label: "List\nC:\Users\Saos\Git\Ada2\Ada_Drivers_Library\middleware\src\command_line\command_line-filesystem-list_directory.adb:57:7\n504 bytes (dynamic)" }
node: { title: "file_io__directory_descriptorIP" label: "Directory_Descriptorip\nC:\Users\Saos\Git\Ada2\Ada_Drivers_Library\middleware\src\filesystem\file_io.ads:199:9" shape : ellipse }
edge: { sourcename: "C:\Users\Saos\Git\Ada2\Ada_Drivers_Library\middleware\src\command_line\command_line-filesystem-list_directory.adb:command_line__filesystem__list_directory__execute__list.0" targetname: "file_io__directory_descriptorIP" label: "C:\Users\Saos\Git\Ada2\Ada_Drivers_Library\middleware\src\command_line\command_line-filesystem-list_directory.adb:58:10" }
node: { title: "file_io__open__2" label: "Open\nC:\Users\Saos\Git\Ada2\Ada_Drivers_Library\middleware\src\filesystem\file_io.ads:140:13" shape : ellipse }
edge: { sourcename: "C:\Users\Saos\Git\Ada2\Ada_Drivers_Library\middleware\src\command_line\command_line-filesystem-list_directory.adb:command_line__filesystem__list_directory__execute__list.0" targetname: "file_io__open__2" label: "C:\Users\Saos\Git\Ada2\Ada_Drivers_Library\middleware\src\command_line\command_line-filesystem-list_directory.adb:62:20" }
node: { title: "__gnat_rcheck_CE_Invalid_Data" label: "gnat_rcheck_CE_Invalid_Data\n<built-in>" shape : ellipse }
edge: { sourcename: "C:\Users\Saos\Git\Ada2\Ada_Drivers_Library\middleware\src\command_line\command_line-filesystem-list_directory.adb:command_line__filesystem__list_directory__execute__list.0" targetname: "__gnat_rcheck_CE_Invalid_Data" label: "C:\Users\Saos\Git\Ada2\Ada_Drivers_Library\middleware\src\command_line\command_line-filesystem-list_directory.adb:64:61" }
node: { title: "memcpy" label: "builtin_memcpy\n<built-in>" shape : ellipse }
edge: { sourcename: "C:\Users\Saos\Git\Ada2\Ada_Drivers_Library\middleware\src\command_line\command_line-filesystem-list_directory.adb:command_line__filesystem__list_directory__execute__list.0" targetname: "memcpy" }
edge: { sourcename: "C:\Users\Saos\Git\Ada2\Ada_Drivers_Library\middleware\src\command_line\command_line-filesystem-list_directory.adb:command_line__filesystem__list_directory__execute__list.0" targetname: "memcpy" }
edge: { sourcename: "C:\Users\Saos\Git\Ada2\Ada_Drivers_Library\middleware\src\command_line\command_line-filesystem-list_directory.adb:command_line__filesystem__list_directory__execute__list.0" targetname: "__indirect_call" label: "C:\Users\Saos\Git\Ada2\Ada_Drivers_Library\middleware\src\command_line\command_line-filesystem-list_directory.adb:64:13" }
node: { title: "__gnat_rcheck_CE_Overflow_Check" label: "gnat_rcheck_CE_Overflow_Check\n<built-in>" shape : ellipse }
edge: { sourcename: "C:\Users\Saos\Git\Ada2\Ada_Drivers_Library\middleware\src\command_line\command_line-filesystem-list_directory.adb:command_line__filesystem__list_directory__execute__list.0" targetname: "__gnat_rcheck_CE_Overflow_Check" label: "C:\Users\Saos\Git\Ada2\Ada_Drivers_Library\middleware\src\command_line\command_line-filesystem-list_directory.adb:69:28" }
node: { title: "__gnat_rcheck_CE_Range_Check" label: "gnat_rcheck_CE_Range_Check\n<built-in>" shape : ellipse }
edge: { sourcename: "C:\Users\Saos\Git\Ada2\Ada_Drivers_Library\middleware\src\command_line\command_line-filesystem-list_directory.adb:command_line__filesystem__list_directory__execute__list.0" targetname: "__gnat_rcheck_CE_Range_Check" label: "C:\Users\Saos\Git\Ada2\Ada_Drivers_Library\middleware\src\command_line\command_line-filesystem-list_directory.adb:69:28" }
edge: { sourcename: "C:\Users\Saos\Git\Ada2\Ada_Drivers_Library\middleware\src\command_line\command_line-filesystem-list_directory.adb:command_line__filesystem__list_directory__execute__list.0" targetname: "memcpy" }
edge: { sourcename: "C:\Users\Saos\Git\Ada2\Ada_Drivers_Library\middleware\src\command_line\command_line-filesystem-list_directory.adb:command_line__filesystem__list_directory__execute__list.0" targetname: "__indirect_call" label: "C:\Users\Saos\Git\Ada2\Ada_Drivers_Library\middleware\src\command_line\command_line-filesystem-list_directory.adb:69:13" }
node: { title: "system__secondary_stack__ss_mark" label: "Ss_Mark\nC:\users\saos\appdata\local\alire\cache\toolchains\gnat_arm_elf_14.1.3_184f9b28\arm-eabi\lib\gnat\embedded-nrf52833\gnat\s-secsta.ads:69:13" shape : ellipse }
edge: { sourcename: "C:\Users\Saos\Git\Ada2\Ada_Drivers_Library\middleware\src\command_line\command_line-filesystem-list_directory.adb:command_line__filesystem__list_directory__execute__list.0" targetname: "system__secondary_stack__ss_mark" }
node: { title: "file_io__read__2" label: "Read\nC:\Users\Saos\Git\Ada2\Ada_Drivers_Library\middleware\src\filesystem\file_io.ads:158:13" shape : ellipse }
edge: { sourcename: "C:\Users\Saos\Git\Ada2\Ada_Drivers_Library\middleware\src\command_line\command_line-filesystem-list_directory.adb:command_line__filesystem__list_directory__execute__list.0" targetname: "file_io__read__2" label: "C:\Users\Saos\Git\Ada2\Ada_Drivers_Library\middleware\src\command_line\command_line-filesystem-list_directory.adb:74:50" }
edge: { sourcename: "C:\Users\Saos\Git\Ada2\Ada_Drivers_Library\middleware\src\command_line\command_line-filesystem-list_directory.adb:command_line__filesystem__list_directory__execute__list.0" targetname: "__indirect_call" label: "C:\Users\Saos\Git\Ada2\Ada_Drivers_Library\middleware\src\command_line\command_line-filesystem-list_directory.adb:80:22" }
edge: { sourcename: "C:\Users\Saos\Git\Ada2\Ada_Drivers_Library\middleware\src\command_line\command_line-filesystem-list_directory.adb:command_line__filesystem__list_directory__execute__list.0" targetname: "memcpy" }
edge: { sourcename: "C:\Users\Saos\Git\Ada2\Ada_Drivers_Library\middleware\src\command_line\command_line-filesystem-list_directory.adb:command_line__filesystem__list_directory__execute__list.0" targetname: "__indirect_call" label: "C:\Users\Saos\Git\Ada2\Ada_Drivers_Library\middleware\src\command_line\command_line-filesystem-list_directory.adb:83:22" }
edge: { sourcename: "C:\Users\Saos\Git\Ada2\Ada_Drivers_Library\middleware\src\command_line\command_line-filesystem-list_directory.adb:command_line__filesystem__list_directory__execute__list.0" targetname: "C:\Users\Saos\Git\Ada2\Ada_Drivers_Library\middleware\src\command_line\command_line-filesystem-list_directory.adb:command_line__filesystem__list_directory__execute__list__B_2___finalizer.1" label: "C:\Users\Saos\Git\Ada2\Ada_Drivers_Library\middleware\src\command_line\command_line-filesystem-list_directory.adb:86:0" }
edge: { sourcename: "C:\Users\Saos\Git\Ada2\Ada_Drivers_Library\middleware\src\command_line\command_line-filesystem-list_directory.adb:command_line__filesystem__list_directory__execute__list.0" targetname: "__indirect_call" label: "C:\Users\Saos\Git\Ada2\Ada_Drivers_Library\middleware\src\command_line\command_line-filesystem-list_directory.adb:89:10" }
node: { title: "file_io__reset" label: "Reset\nC:\Users\Saos\Git\Ada2\Ada_Drivers_Library\middleware\src\filesystem\file_io.ads:161:14" shape : ellipse }
edge: { sourcename: "C:\Users\Saos\Git\Ada2\Ada_Drivers_Library\middleware\src\command_line\command_line-filesystem-list_directory.adb:command_line__filesystem__list_directory__execute__list.0" targetname: "file_io__reset" label: "C:\Users\Saos\Git\Ada2\Ada_Drivers_Library\middleware\src\command_line\command_line-filesystem-list_directory.adb:92:13" }
edge: { sourcename: "C:\Users\Saos\Git\Ada2\Ada_Drivers_Library\middleware\src\command_line\command_line-filesystem-list_directory.adb:command_line__filesystem__list_directory__execute__list.0" targetname: "system__secondary_stack__ss_mark" }
edge: { sourcename: "C:\Users\Saos\Git\Ada2\Ada_Drivers_Library\middleware\src\command_line\command_line-filesystem-list_directory.adb:command_line__filesystem__list_directory__execute__list.0" targetname: "file_io__read__2" label: "C:\Users\Saos\Git\Ada2\Ada_Drivers_Library\middleware\src\command_line\command_line-filesystem-list_directory.adb:96:53" }
edge: { sourcename: "C:\Users\Saos\Git\Ada2\Ada_Drivers_Library\middleware\src\command_line\command_line-filesystem-list_directory.adb:command_line__filesystem__list_directory__execute__list.0" targetname: "__gnat_rcheck_CE_Overflow_Check" label: "C:\Users\Saos\Git\Ada2\Ada_Drivers_Library\middleware\src\command_line\command_line-filesystem-list_directory.adb:101:39" }
edge: { sourcename: "C:\Users\Saos\Git\Ada2\Ada_Drivers_Library\middleware\src\command_line\command_line-filesystem-list_directory.adb:command_line__filesystem__list_directory__execute__list.0" targetname: "__gnat_rcheck_CE_Range_Check" label: "C:\Users\Saos\Git\Ada2\Ada_Drivers_Library\middleware\src\command_line\command_line-filesystem-list_directory.adb:101:39" }
edge: { sourcename: "C:\Users\Saos\Git\Ada2\Ada_Drivers_Library\middleware\src\command_line\command_line-filesystem-list_directory.adb:command_line__filesystem__list_directory__execute__list.0" targetname: "memcpy" }
edge: { sourcename: "C:\Users\Saos\Git\Ada2\Ada_Drivers_Library\middleware\src\command_line\command_line-filesystem-list_directory.adb:command_line__filesystem__list_directory__execute__list.0" targetname: "memcpy" }
edge: { sourcename: "C:\Users\Saos\Git\Ada2\Ada_Drivers_Library\middleware\src\command_line\command_line-filesystem-list_directory.adb:command_line__filesystem__list_directory__execute__list.0" targetname: "C:\Users\Saos\Git\Ada2\Ada_Drivers_Library\middleware\src\command_line\command_line-filesystem-list_directory.adb:command_line__filesystem__list_directory__execute__list.0" label: "C:\Users\Saos\Git\Ada2\Ada_Drivers_Library\middleware\src\command_line\command_line-filesystem-list_directory.adb:101:22" }
edge: { sourcename: "C:\Users\Saos\Git\Ada2\Ada_Drivers_Library\middleware\src\command_line\command_line-filesystem-list_directory.adb:command_line__filesystem__list_directory__execute__list.0" targetname: "C:\Users\Saos\Git\Ada2\Ada_Drivers_Library\middleware\src\command_line\command_line-filesystem-list_directory.adb:command_line__filesystem__list_directory__execute__list__B_4___finalizer.2" label: "C:\Users\Saos\Git\Ada2\Ada_Drivers_Library\middleware\src\command_line\command_line-filesystem-list_directory.adb:103:0" }
node: { title: "file_io__close__2" label: "Close\nC:\Users\Saos\Git\Ada2\Ada_Drivers_Library\middleware\src\filesystem\file_io.ads:145:14" shape : ellipse }
edge: { sourcename: "C:\Users\Saos\Git\Ada2\Ada_Drivers_Library\middleware\src\command_line\command_line-filesystem-list_directory.adb:command_line__filesystem__list_directory__execute__list.0" targetname: "file_io__close__2" label: "C:\Users\Saos\Git\Ada2\Ada_Drivers_Library\middleware\src\command_line\command_line-filesystem-list_directory.adb:107:10" }
node: { title: "_Unwind_Resume" label: "builtin_unwind_resume\n<built-in>" shape : ellipse }
edge: { sourcename: "C:\Users\Saos\Git\Ada2\Ada_Drivers_Library\middleware\src\command_line\command_line-filesystem-list_directory.adb:command_line__filesystem__list_directory__execute__list.0" targetname: "_Unwind_Resume" }
edge: { sourcename: "C:\Users\Saos\Git\Ada2\Ada_Drivers_Library\middleware\src\command_line\command_line-filesystem-list_directory.adb:command_line__filesystem__list_directory__execute__list.0" targetname: "_Unwind_Resume" }
node: { title: "command_line__filesystem__list_directory__execute" label: "Execute\nC:\Users\Saos\Git\Ada2\Ada_Drivers_Library\middleware\src\command_line\command_line-filesystem-list_directory.adb:40:15\n104 bytes (static)" }
node: { title: "__gnat_rcheck_PE_Access_Before_Elaboration" label: "gnat_rcheck_PE_Access_Before_Elaboration\n<built-in>" shape : ellipse }
edge: { sourcename: "command_line__filesystem__list_directory__execute" targetname: "__gnat_rcheck_PE_Access_Before_Elaboration" label: "C:\Users\Saos\Git\Ada2\Ada_Drivers_Library\middleware\src\command_line\command_line-filesystem-list_directory.adb:40:15" }
edge: { sourcename: "command_line__filesystem__list_directory__execute" targetname: "system__secondary_stack__ss_mark" }
edge: { sourcename: "command_line__filesystem__list_directory__execute" targetname: "__indirect_call" label: "C:\Users\Saos\Git\Ada2\Ada_Drivers_Library\middleware\src\command_line\command_line-filesystem-list_directory.adb:113:42" }
edge: { sourcename: "command_line__filesystem__list_directory__execute" targetname: "__gnat_rcheck_CE_Range_Check" label: "C:\Users\Saos\Git\Ada2\Ada_Drivers_Library\middleware\src\command_line\command_line-filesystem-list_directory.adb:113:42" }
node: { title: "memcmp" label: "builtin_memcmp\n<built-in>" shape : ellipse }
edge: { sourcename: "command_line__filesystem__list_directory__execute" targetname: "memcmp" label: "C:\Users\Saos\Git\Ada2\Ada_Drivers_Library\middleware\src\command_line\command_line-filesystem-list_directory.adb:117:23" }
edge: { sourcename: "command_line__filesystem__list_directory__execute" targetname: "memcmp" label: "C:\Users\Saos\Git\Ada2\Ada_Drivers_Library\middleware\src\command_line\command_line-filesystem-list_directory.adb:117:42" }
edge: { sourcename: "command_line__filesystem__list_directory__execute" targetname: "memcmp" label: "C:\Users\Saos\Git\Ada2\Ada_Drivers_Library\middleware\src\command_line\command_line-filesystem-list_directory.adb:119:23" }
edge: { sourcename: "command_line__filesystem__list_directory__execute" targetname: "C:\Users\Saos\Git\Ada2\Ada_Drivers_Library\middleware\src\command_line\command_line-filesystem-list_directory.adb:command_line__filesystem__list_directory__execute__list.0" label: "C:\Users\Saos\Git\Ada2\Ada_Drivers_Library\middleware\src\command_line\command_line-filesystem-list_directory.adb:122:16" }
edge: { sourcename: "command_line__filesystem__list_directory__execute" targetname: "C:\Users\Saos\Git\Ada2\Ada_Drivers_Library\middleware\src\command_line\command_line-filesystem-list_directory.adb:command_line__filesystem__list_directory__execute__B_6___finalizer.3" label: "C:\Users\Saos\Git\Ada2\Ada_Drivers_Library\middleware\src\command_line\command_line-filesystem-list_directory.adb:124:0" }
edge: { sourcename: "command_line__filesystem__list_directory__execute" targetname: "_Unwind_Resume" }
node: { title: "C:\Users\Saos\Git\Ada2\Ada_Drivers_Library\middleware\src\command_line\command_line-filesystem-list_directory.adb:command_line__filesystem__list_directory__execute__list__B_4___finalizer.2" label: "B_4\n<built-in>\n16 bytes (static)" }
edge: { sourcename: "C:\Users\Saos\Git\Ada2\Ada_Drivers_Library\middleware\src\command_line\command_line-filesystem-list_directory.adb:command_line__filesystem__list_directory__execute__list__B_4___finalizer.2" targetname: "system__secondary_stack__ss_release" label: "C:\Users\Saos\Git\Ada2\Ada_Drivers_Library\middleware\src\command_line\command_line-filesystem-list_directory.adb:95:16" }
node: { title: "C:\Users\Saos\Git\Ada2\Ada_Drivers_Library\middleware\src\command_line\command_line-filesystem-list_directory.adb:command_line__filesystem__list_directory__execute__B_6___finalizer.3" label: "B_6\n<built-in>\n16 bytes (static)" }
edge: { sourcename: "C:\Users\Saos\Git\Ada2\Ada_Drivers_Library\middleware\src\command_line\command_line-filesystem-list_directory.adb:command_line__filesystem__list_directory__execute__B_6___finalizer.3" targetname: "system__secondary_stack__ss_release" label: "C:\Users\Saos\Git\Ada2\Ada_Drivers_Library\middleware\src\command_line\command_line-filesystem-list_directory.adb:112:10" }
node: { title: "command_line__filesystem__list_directory__help" label: "Help\nC:\Users\Saos\Git\Ada2\Ada_Drivers_Library\middleware\src\command_line\command_line-filesystem-list_directory.adb:133:4\n56 bytes (static)" }
edge: { sourcename: "command_line__filesystem__list_directory__help" targetname: "__gnat_rcheck_PE_Access_Before_Elaboration" label: "C:\Users\Saos\Git\Ada2\Ada_Drivers_Library\middleware\src\command_line\command_line-filesystem-list_directory.adb:133:4" }
edge: { sourcename: "command_line__filesystem__list_directory__help" targetname: "__indirect_call" label: "C:\Users\Saos\Git\Ada2\Ada_Drivers_Library\middleware\src\command_line\command_line-filesystem-list_directory.adb:139:7" }
edge: { sourcename: "command_line__filesystem__list_directory__help" targetname: "__indirect_call" label: "C:\Users\Saos\Git\Ada2\Ada_Drivers_Library\middleware\src\command_line\command_line-filesystem-list_directory.adb:140:7" }
edge: { sourcename: "command_line__filesystem__list_directory__help" targetname: "__indirect_call" label: "C:\Users\Saos\Git\Ada2\Ada_Drivers_Library\middleware\src\command_line\command_line-filesystem-list_directory.adb:141:7" }
edge: { sourcename: "command_line__filesystem__list_directory__help" targetname: "__indirect_call" label: "C:\Users\Saos\Git\Ada2\Ada_Drivers_Library\middleware\src\command_line\command_line-filesystem-list_directory.adb:142:7" }
node: { title: "command_line__filesystem__list_directory___elabb" label: "List_Directory\nC:\Users\Saos\Git\Ada2\Ada_Drivers_Library\middleware\src\command_line\command_line-filesystem-list_directory.adb:34:1\n4 bytes (static)" }
node: { title: "command_line__filesystem__list_directory___elabs" label: "List_Directory\nC:\Users\Saos\Git\Ada2\Ada_Drivers_Library\middleware\src\command_line\command_line-filesystem-list_directory.ads:32:1\n8 bytes (static)" }
node: { title: "ada__tags__check_tsd" label: "Check_Tsd\nC:\users\saos\appdata\local\alire\cache\toolchains\gnat_arm_elf_14.1.3_184f9b28\arm-eabi\lib\gnat\embedded-nrf52833\gnat\a-tags.ads:466:14" shape : ellipse }
edge: { sourcename: "command_line__filesystem__list_directory___elabs" targetname: "ada__tags__check_tsd" label: "C:\Users\Saos\Git\Ada2\Ada_Drivers_Library\middleware\src\command_line\command_line-filesystem-list_directory.ads:52:9" }
node: { title: "ada__tags__register_tag" label: "Register_Tag\nC:\users\saos\appdata\local\alire\cache\toolchains\gnat_arm_elf_14.1.3_184f9b28\arm-eabi\lib\gnat\embedded-nrf52833\gnat\a-tags.ads:553:14" shape : ellipse }
edge: { sourcename: "command_line__filesystem__list_directory___elabs" targetname: "ada__tags__register_tag" label: "C:\Users\Saos\Git\Ada2\Ada_Drivers_Library\middleware\src\command_line\command_line-filesystem-list_directory.ads:52:9" }
}
