graph: { title: "C:\Users\Saos\Git\Ada2\Ada_Drivers_Library\components\src\screen\pcd8544\pcd8544.adb"
edge: { sourcename: "pcd8544__pcd8544_bitmap_bufferPI__2"
  targetname: "4:ada__strings__text_buffers__root_buffer_type,ada__strings__text_buffers__root_buffer_type"
  label: "pcd8544.ads:191:9"
}
edge: { sourcename: "pcd8544__pcd8544_bitmap_bufferPI__2"
  targetname: "4:ada__strings__text_buffers__root_buffer_type,ada__strings__text_buffers__root_buffer_type"
  label: "pcd8544.ads:191:9"
}
edge: { sourcename: "pcd8544__pcd8544_bitmap_bufferPI__2"
  targetname: "4:ada__strings__text_buffers__root_buffer_type,ada__strings__text_buffers__root_buffer_type"
  label: "pcd8544.ads:191:9"
}
edge: { sourcename: "pcd8544__pcd8544_bitmap_bufferPI__2"
  targetname: "4:ada__strings__text_buffers__root_buffer_type,ada__strings__text_buffers__root_buffer_type"
  label: "pcd8544.ads:191:9"
}
edge: { sourcename: "pcd8544__pcd8544_bitmap_bufferPI__2"
  targetname: "3:ada__strings__text_buffers__root_buffer_type,ada__strings__text_buffers__root_buffer_type"
  label: "pcd8544.ads:191:9"
}
edge: { sourcename: "pcd8544__pcd8544_bitmap_bufferPI__2"
  targetname: "4:ada__strings__text_buffers__root_buffer_type,ada__strings__text_buffers__root_buffer_type"
  label: "pcd8544.ads:191:9"
}
edge: { sourcename: "pcd8544__pcd8544_bitmap_bufferPI__2"
  targetname: "3:ada__strings__text_buffers__root_buffer_type,ada__strings__text_buffers__root_buffer_type"
  label: "pcd8544.ads:191:9"
}
edge: { sourcename: "pcd8544__pcd8544_bitmap_bufferPI__2"
  targetname: "4:ada__strings__text_buffers__root_buffer_type,ada__strings__text_buffers__root_buffer_type"
  label: "pcd8544.ads:191:9"
}
edge: { sourcename: "pcd8544__pcd8544_bitmap_bufferPI__2"
  targetname: "4:ada__strings__text_buffers__root_buffer_type,ada__strings__text_buffers__root_buffer_type"
  label: "pcd8544.ads:191:9"
}
edge: { sourcename: "pcd8544__Tpcd8544_bitmap_bufferCFD"
  targetname: "-9:pcd8544__pcd8544_bitmap_buffer,pcd8544__pcd8544_bitmap_buffer"
  label: "pcd8544.ads:191:9"
}
edge: { sourcename: "pcd8544__pcd8544_devicePI__2"
  targetname: "4:ada__strings__text_buffers__root_buffer_type,ada__strings__text_buffers__root_buffer_type"
  label: "pcd8544.ads:196:9"
}
edge: { sourcename: "pcd8544__pcd8544_devicePI__2"
  targetname: "4:ada__strings__text_buffers__root_buffer_type,ada__strings__text_buffers__root_buffer_type"
  label: "pcd8544.ads:196:9"
}
edge: { sourcename: "pcd8544__pcd8544_devicePI__2"
  targetname: "4:ada__strings__text_buffers__root_buffer_type,ada__strings__text_buffers__root_buffer_type"
  label: "pcd8544.ads:196:9"
}
edge: { sourcename: "pcd8544__pcd8544_devicePI__2"
  targetname: "4:ada__strings__text_buffers__root_buffer_type,ada__strings__text_buffers__root_buffer_type"
  label: "pcd8544.ads:196:9"
}
edge: { sourcename: "pcd8544__pcd8544_devicePI__2"
  targetname: "4:ada__strings__text_buffers__root_buffer_type,ada__strings__text_buffers__root_buffer_type"
  label: "pcd8544.ads:196:9"
}
edge: { sourcename: "pcd8544__pcd8544_devicePI__2"
  targetname: "4:ada__strings__text_buffers__root_buffer_type,ada__strings__text_buffers__root_buffer_type"
  label: "pcd8544.ads:196:9"
}
edge: { sourcename: "pcd8544__pcd8544_devicePI__2"
  targetname: "4:ada__strings__text_buffers__root_buffer_type,ada__strings__text_buffers__root_buffer_type"
  label: "pcd8544.ads:196:9"
}
edge: { sourcename: "pcd8544__pcd8544_devicePI__2"
  targetname: "3:ada__strings__text_buffers__root_buffer_type,ada__strings__text_buffers__root_buffer_type"
  label: "pcd8544.ads:196:9"
}
edge: { sourcename: "pcd8544__pcd8544_devicePI__2"
  targetname: "4:ada__strings__text_buffers__root_buffer_type,ada__strings__text_buffers__root_buffer_type"
  label: "pcd8544.ads:196:9"
}
edge: { sourcename: "pcd8544__pcd8544_devicePI__2"
  targetname: "3:ada__strings__text_buffers__root_buffer_type,ada__strings__text_buffers__root_buffer_type"
  label: "pcd8544.ads:196:9"
}
edge: { sourcename: "pcd8544__pcd8544_devicePI__2"
  targetname: "4:ada__strings__text_buffers__root_buffer_type,ada__strings__text_buffers__root_buffer_type"
  label: "pcd8544.ads:196:9"
}
edge: { sourcename: "pcd8544__pcd8544_devicePI__pcd8544_function_register_178PI__2"
  targetname: "4:ada__strings__text_buffers__root_buffer_type,ada__strings__text_buffers__root_buffer_type"
  label: "pcd8544.ads:196:9"
}
edge: { sourcename: "pcd8544__pcd8544_devicePI__pcd8544_function_register_178PI__2"
  targetname: "3:ada__strings__text_buffers__root_buffer_type,ada__strings__text_buffers__root_buffer_type"
  label: "pcd8544.ads:196:9"
}
edge: { sourcename: "pcd8544__pcd8544_devicePI__pcd8544_function_register_178PI__2"
  targetname: "4:ada__strings__text_buffers__root_buffer_type,ada__strings__text_buffers__root_buffer_type"
  label: "pcd8544.ads:196:9"
}
edge: { sourcename: "pcd8544__pcd8544_devicePI__pcd8544_function_register_178PI__2"
  targetname: "3:ada__strings__text_buffers__root_buffer_type,ada__strings__text_buffers__root_buffer_type"
  label: "pcd8544.ads:196:9"
}
edge: { sourcename: "pcd8544__pcd8544_devicePI__pcd8544_function_register_178PI__2"
  targetname: "4:ada__strings__text_buffers__root_buffer_type,ada__strings__text_buffers__root_buffer_type"
  label: "pcd8544.ads:196:9"
}
edge: { sourcename: "pcd8544__pcd8544_devicePI__pcd8544_function_register_178PI__2"
  targetname: "3:ada__strings__text_buffers__root_buffer_type,ada__strings__text_buffers__root_buffer_type"
  label: "pcd8544.ads:196:9"
}
edge: { sourcename: "pcd8544__pcd8544_devicePI__pcd8544_function_register_178PI__2"
  targetname: "4:ada__strings__text_buffers__root_buffer_type,ada__strings__text_buffers__root_buffer_type"
  label: "pcd8544.ads:196:9"
}
edge: { sourcename: "pcd8544__pcd8544_devicePI__pcd8544_function_register_178PI__2"
  targetname: "3:ada__strings__text_buffers__root_buffer_type,ada__strings__text_buffers__root_buffer_type"
  label: "pcd8544.ads:196:9"
}
edge: { sourcename: "pcd8544__pcd8544_devicePI__2"
  targetname: "4:ada__strings__text_buffers__root_buffer_type,ada__strings__text_buffers__root_buffer_type"
  label: "pcd8544.ads:196:9"
}
edge: { sourcename: "pcd8544__pcd8544_devicePI__pcd8544_display_register_261PI__2"
  targetname: "4:ada__strings__text_buffers__root_buffer_type,ada__strings__text_buffers__root_buffer_type"
  label: "pcd8544.ads:196:9"
}
edge: { sourcename: "pcd8544__pcd8544_devicePI__pcd8544_display_register_261PI__2"
  targetname: "3:ada__strings__text_buffers__root_buffer_type,ada__strings__text_buffers__root_buffer_type"
  label: "pcd8544.ads:196:9"
}
edge: { sourcename: "pcd8544__pcd8544_devicePI__pcd8544_display_register_261PI__2"
  targetname: "4:ada__strings__text_buffers__root_buffer_type,ada__strings__text_buffers__root_buffer_type"
  label: "pcd8544.ads:196:9"
}
edge: { sourcename: "pcd8544__pcd8544_devicePI__pcd8544_display_register_261PI__2"
  targetname: "3:ada__strings__text_buffers__root_buffer_type,ada__strings__text_buffers__root_buffer_type"
  label: "pcd8544.ads:196:9"
}
edge: { sourcename: "pcd8544__pcd8544_devicePI__pcd8544_display_register_261PI__2"
  targetname: "4:ada__strings__text_buffers__root_buffer_type,ada__strings__text_buffers__root_buffer_type"
  label: "pcd8544.ads:196:9"
}
edge: { sourcename: "pcd8544__pcd8544_devicePI__pcd8544_display_register_261PI__2"
  targetname: "3:ada__strings__text_buffers__root_buffer_type,ada__strings__text_buffers__root_buffer_type"
  label: "pcd8544.ads:196:9"
}
edge: { sourcename: "pcd8544__pcd8544_devicePI__pcd8544_display_register_261PI__2"
  targetname: "4:ada__strings__text_buffers__root_buffer_type,ada__strings__text_buffers__root_buffer_type"
  label: "pcd8544.ads:196:9"
}
edge: { sourcename: "pcd8544__pcd8544_devicePI__pcd8544_display_register_261PI__2"
  targetname: "3:ada__strings__text_buffers__root_buffer_type,ada__strings__text_buffers__root_buffer_type"
  label: "pcd8544.ads:196:9"
}
edge: { sourcename: "pcd8544__Tpcd8544_deviceCFD"
  targetname: "-9:pcd8544__pcd8544_device,pcd8544__pcd8544_device"
  label: "pcd8544.ads:61:9"
}
class {
  classname: "pcd8544__pcd8544_device"
  label: "pcd8544__pcd8544_device\pcd8544.ads:61:9"
  parent: "hal__framebuffer__frame_buffer_display"
  virtuals: "1:pcd8544__max_layers,1:hal__framebuffer__frame_buffer_display\n
             2:pcd8544__supported,2:hal__framebuffer__frame_buffer_display\n
             3:pcd8544__set_orientation,3:hal__framebuffer__frame_buffer_display\n
             4:pcd8544__set_mode,4:hal__framebuffer__frame_buffer_display\n
             5:pcd8544__initialized,5:hal__framebuffer__frame_buffer_display\n
             6:pcd8544__width,6:hal__framebuffer__frame_buffer_display\n
             7:pcd8544__height,7:hal__framebuffer__frame_buffer_display\n
             8:pcd8544__swapped,8:hal__framebuffer__frame_buffer_display\n
             9:pcd8544__set_background,9:hal__framebuffer__frame_buffer_display\n
             10:pcd8544__initialize_layer,10:hal__framebuffer__frame_buffer_display\n
             11:pcd8544__initialized__2,11:hal__framebuffer__frame_buffer_display\n
             12:pcd8544__update_layer,12:hal__framebuffer__frame_buffer_display\n
             13:pcd8544__update_layers,13:hal__framebuffer__frame_buffer_display\n
             14:pcd8544__color_mode,14:hal__framebuffer__frame_buffer_display\n
             15:pcd8544__hidden_buffer,15:hal__framebuffer__frame_buffer_display\n
             16:pcd8544__pixel_size,16:hal__framebuffer__frame_buffer_display\n
             -1:pcd8544___size__5,-1:hal__framebuffer__frame_buffer_display\n
             -10:pcd8544__pcd8544_devicePI__2,-10:hal__framebuffer__frame_buffer_display\n
             -9:pcd8544__pcd8544_deviceDF__2,-9:hal__framebuffer__frame_buffer_display\n
             17:pcd8544__initialize\n
             18:pcd8544__set_contrast\n
             19:pcd8544__set_bias\n
             20:pcd8544__set_temperature\n
             21:pcd8544__set_display_mode\n
             22:pcd8544__chip_select\n
             23:pcd8544__reset\n
             24:pcd8544__transmit\n
             25:pcd8544__transmit__2\n
             26:pcd8544__extended_mode\n
             27:pcd8544__basic_mode\n
             28:pcd8544__write_raw_pixels"
}
class {
  classname: "pcd8544__pcd8544_bitmap_buffer"
  label: "pcd8544__pcd8544_bitmap_buffer\pcd8544.ads:191:9"
  parent: "memory_mapped_bitmap__memory_mapped_bitmap_buffer"
  virtuals: "-1:pcd8544___size__4,-1:memory_mapped_bitmap__memory_mapped_bitmap_buffer\n
             -10:pcd8544__pcd8544_bitmap_bufferPI__2,-10:memory_mapped_bitmap__memory_mapped_bitmap_buffer\n
             -2:pcd8544__pcd8544_bitmap_bufferSR__2,-2:memory_mapped_bitmap__memory_mapped_bitmap_buffer\n
             -3:pcd8544__pcd8544_bitmap_bufferSW__2,-3:memory_mapped_bitmap__memory_mapped_bitmap_buffer\n
             -4:pcd8544__pcd8544_bitmap_bufferSI__2,-4:memory_mapped_bitmap__memory_mapped_bitmap_buffer\n
             -5:pcd8544__pcd8544_bitmap_bufferSO__2,-5:memory_mapped_bitmap__memory_mapped_bitmap_buffer\n
             -6:pcd8544__Oeq__2,-6:memory_mapped_bitmap__memory_mapped_bitmap_buffer\n
             -7:pcd8544___assign__2,-7:memory_mapped_bitmap__memory_mapped_bitmap_buffer\n
             -8:pcd8544__pcd8544_bitmap_bufferDA__2,-8:memory_mapped_bitmap__memory_mapped_bitmap_buffer\n
             -9:pcd8544__pcd8544_bitmap_bufferDF__2,-9:memory_mapped_bitmap__memory_mapped_bitmap_buffer"
}
edge: { sourcename: "pcd8544__chip_select"
  targetname: "8:hal__gpio__gpio_point,hal__gpio__gpio_point"
  label: "pcd8544.adb:43:20"
}
edge: { sourcename: "pcd8544__chip_select"
  targetname: "7:hal__gpio__gpio_point,hal__gpio__gpio_point"
  label: "pcd8544.adb:45:20"
}
edge: { sourcename: "pcd8544__reset"
  targetname: "8:hal__gpio__gpio_point,hal__gpio__gpio_point"
  label: "pcd8544.adb:57:18"
}
edge: { sourcename: "pcd8544__reset"
  targetname: "7:hal__gpio__gpio_point,hal__gpio__gpio_point"
  label: "pcd8544.adb:58:18"
}
edge: { sourcename: "pcd8544__reset"
  targetname: "1:hal__time__delays,hal__time__delays"
  label: "pcd8544.adb:61:19"
}
edge: { sourcename: "pcd8544__transmit"
  targetname: "8:hal__gpio__gpio_point,hal__gpio__gpio_point"
  label: "pcd8544.adb:73:14"
}
edge: { sourcename: "pcd8544__transmit"
  targetname: "2:hal__spi__spi_port,hal__spi__spi_port"
  label: "pcd8544.adb:74:16"
}
edge: { sourcename: "pcd8544__transmit__2"
  targetname: "7:hal__gpio__gpio_point,hal__gpio__gpio_point"
  label: "pcd8544.adb:89:14"
}
edge: { sourcename: "pcd8544__transmit__2"
  targetname: "2:hal__spi__spi_port,hal__spi__spi_port"
  label: "pcd8544.adb:90:16"
}
edge: { sourcename: "pcd8544__initialize"
  targetname: "8:hal__gpio__gpio_point,hal__gpio__gpio_point"
  label: "pcd8544.adb:180:14"
}
node: { title: "pcd8544__pcd8544_bitmap_bufferIP" label: "pcd8544_bitmap_bufferIP\n<built-in>\n16 bytes (static)" }
node: { title: "memory_mapped_bitmap__memory_mapped_bitmap_bufferIP" label: "Memory_Mapped_Bitmap_Bufferip\nC:\Users\Saos\Git\Ada2\Ada_Drivers_Library\middleware\src\bitmap\memory_mapped_bitmap.ads:41:9" shape : ellipse }
edge: { sourcename: "pcd8544__pcd8544_bitmap_bufferIP" targetname: "memory_mapped_bitmap__memory_mapped_bitmap_bufferIP" label: "C:\Users\Saos\Git\Ada2\Ada_Drivers_Library\components\src\screen\pcd8544\pcd8544.ads:191:34" }
node: { title: "pcd8544___size__4" label: "pcd8544\n<built-in>\n16 bytes (static)" }
node: { title: "C:\Users\Saos\Git\Ada2\Ada_Drivers_Library\components\src\screen\pcd8544\pcd8544.adb:pcd8544__pcd8544_bitmap_bufferPI__uint8_array_72PI__2.0" label: "uint8_array_72PI\n<built-in>\n48 bytes (static)" }
node: { title: "system__put_images__array_before" label: "Array_Before\nC:\users\saos\appdata\local\alire\cache\toolchains\gnat_arm_elf_14.1.3_184f9b28\arm-eabi\lib\gnat\embedded-nrf52833\gnat\s-putima.ads:102:14" shape : ellipse }
edge: { sourcename: "C:\Users\Saos\Git\Ada2\Ada_Drivers_Library\components\src\screen\pcd8544\pcd8544.adb:pcd8544__pcd8544_bitmap_bufferPI__uint8_array_72PI__2.0" targetname: "system__put_images__array_before" label: "C:\Users\Saos\Git\Ada2\Ada_Drivers_Library\components\src\screen\pcd8544\pcd8544.ads:191:9" }
node: { title: "system__put_images__put_image_unsigned" label: "Put_Image_Unsigned\nC:\users\saos\appdata\local\alire\cache\toolchains\gnat_arm_elf_14.1.3_184f9b28\arm-eabi\lib\gnat\embedded-nrf52833\gnat\s-putima.ads:65:14" shape : ellipse }
edge: { sourcename: "C:\Users\Saos\Git\Ada2\Ada_Drivers_Library\components\src\screen\pcd8544\pcd8544.adb:pcd8544__pcd8544_bitmap_bufferPI__uint8_array_72PI__2.0" targetname: "system__put_images__put_image_unsigned" label: "C:\Users\Saos\Git\Ada2\Ada_Drivers_Library\components\src\screen\pcd8544\pcd8544.ads:191:9" }
node: { title: "system__put_images__simple_array_between" label: "Simple_Array_Between\nC:\users\saos\appdata\local\alire\cache\toolchains\gnat_arm_elf_14.1.3_184f9b28\arm-eabi\lib\gnat\embedded-nrf52833\gnat\s-putima.ads:106:14" shape : ellipse }
edge: { sourcename: "C:\Users\Saos\Git\Ada2\Ada_Drivers_Library\components\src\screen\pcd8544\pcd8544.adb:pcd8544__pcd8544_bitmap_bufferPI__uint8_array_72PI__2.0" targetname: "system__put_images__simple_array_between" label: "C:\Users\Saos\Git\Ada2\Ada_Drivers_Library\components\src\screen\pcd8544\pcd8544.ads:191:9" }
node: { title: "system__put_images__array_after" label: "Array_After\nC:\users\saos\appdata\local\alire\cache\toolchains\gnat_arm_elf_14.1.3_184f9b28\arm-eabi\lib\gnat\embedded-nrf52833\gnat\s-putima.ads:104:14" shape : ellipse }
edge: { sourcename: "C:\Users\Saos\Git\Ada2\Ada_Drivers_Library\components\src\screen\pcd8544\pcd8544.adb:pcd8544__pcd8544_bitmap_bufferPI__uint8_array_72PI__2.0" targetname: "system__put_images__array_after" label: "C:\Users\Saos\Git\Ada2\Ada_Drivers_Library\components\src\screen\pcd8544\pcd8544.ads:191:9" }
node: { title: "pcd8544__pcd8544_bitmap_bufferPI__2" label: "pcd8544_bitmap_bufferPI\n<built-in>\n272 bytes (static)" }
node: { title: "system__put_images__record_before" label: "Record_Before\nC:\users\saos\appdata\local\alire\cache\toolchains\gnat_arm_elf_14.1.3_184f9b28\arm-eabi\lib\gnat\embedded-nrf52833\gnat\s-putima.ads:110:14" shape : ellipse }
edge: { sourcename: "pcd8544__pcd8544_bitmap_bufferPI__2" targetname: "system__put_images__record_before" label: "C:\Users\Saos\Git\Ada2\Ada_Drivers_Library\components\src\screen\pcd8544\pcd8544.ads:191:9" }
node: { title: "__indirect_call" label: "Indirect Call Placeholder" shape : ellipse }
edge: { sourcename: "pcd8544__pcd8544_bitmap_bufferPI__2" targetname: "__indirect_call" label: "C:\Users\Saos\Git\Ada2\Ada_Drivers_Library\components\src\screen\pcd8544\pcd8544.ads:191:9" }
edge: { sourcename: "pcd8544__pcd8544_bitmap_bufferPI__2" targetname: "system__put_images__put_image_unsigned" label: "C:\Users\Saos\Git\Ada2\Ada_Drivers_Library\components\src\screen\pcd8544\pcd8544.ads:191:9" }
node: { title: "system__put_images__record_between" label: "Record_Between\nC:\users\saos\appdata\local\alire\cache\toolchains\gnat_arm_elf_14.1.3_184f9b28\arm-eabi\lib\gnat\embedded-nrf52833\gnat\s-putima.ads:111:14" shape : ellipse }
edge: { sourcename: "pcd8544__pcd8544_bitmap_bufferPI__2" targetname: "system__put_images__record_between" label: "C:\Users\Saos\Git\Ada2\Ada_Drivers_Library\components\src\screen\pcd8544\pcd8544.ads:191:9" }
edge: { sourcename: "pcd8544__pcd8544_bitmap_bufferPI__2" targetname: "__indirect_call" label: "C:\Users\Saos\Git\Ada2\Ada_Drivers_Library\components\src\screen\pcd8544\pcd8544.ads:191:9" }
node: { title: "system__put_images__put_image_integer" label: "Put_Image_Integer\nC:\users\saos\appdata\local\alire\cache\toolchains\gnat_arm_elf_14.1.3_184f9b28\arm-eabi\lib\gnat\embedded-nrf52833\gnat\s-putima.ads:55:14" shape : ellipse }
edge: { sourcename: "pcd8544__pcd8544_bitmap_bufferPI__2" targetname: "system__put_images__put_image_integer" label: "C:\Users\Saos\Git\Ada2\Ada_Drivers_Library\components\src\screen\pcd8544\pcd8544.ads:191:9" }
edge: { sourcename: "pcd8544__pcd8544_bitmap_bufferPI__2" targetname: "system__put_images__record_between" label: "C:\Users\Saos\Git\Ada2\Ada_Drivers_Library\components\src\screen\pcd8544\pcd8544.ads:191:9" }
edge: { sourcename: "pcd8544__pcd8544_bitmap_bufferPI__2" targetname: "__indirect_call" label: "C:\Users\Saos\Git\Ada2\Ada_Drivers_Library\components\src\screen\pcd8544\pcd8544.ads:191:9" }
edge: { sourcename: "pcd8544__pcd8544_bitmap_bufferPI__2" targetname: "system__put_images__put_image_integer" label: "C:\Users\Saos\Git\Ada2\Ada_Drivers_Library\components\src\screen\pcd8544\pcd8544.ads:191:9" }
edge: { sourcename: "pcd8544__pcd8544_bitmap_bufferPI__2" targetname: "system__put_images__record_between" label: "C:\Users\Saos\Git\Ada2\Ada_Drivers_Library\components\src\screen\pcd8544\pcd8544.ads:191:9" }
edge: { sourcename: "pcd8544__pcd8544_bitmap_bufferPI__2" targetname: "__indirect_call" label: "C:\Users\Saos\Git\Ada2\Ada_Drivers_Library\components\src\screen\pcd8544\pcd8544.ads:191:9" }
node: { title: "system__wch_stw__string_to_wide_wide_string" label: "String_To_Wide_Wide_String\nC:\users\saos\appdata\local\alire\cache\toolchains\gnat_arm_elf_14.1.3_184f9b28\arm-eabi\lib\gnat\embedded-nrf52833\gnat\s-wchstw.ads:62:14" shape : ellipse }
edge: { sourcename: "pcd8544__pcd8544_bitmap_bufferPI__2" targetname: "system__wch_stw__string_to_wide_wide_string" label: "C:\Users\Saos\Git\Ada2\Ada_Drivers_Library\components\src\screen\pcd8544\pcd8544.ads:191:9" }
edge: { sourcename: "pcd8544__pcd8544_bitmap_bufferPI__2" targetname: "__indirect_call" label: "C:\Users\Saos\Git\Ada2\Ada_Drivers_Library\components\src\screen\pcd8544\pcd8544.ads:191:9" }
edge: { sourcename: "pcd8544__pcd8544_bitmap_bufferPI__2" targetname: "system__put_images__record_between" label: "C:\Users\Saos\Git\Ada2\Ada_Drivers_Library\components\src\screen\pcd8544\pcd8544.ads:191:9" }
edge: { sourcename: "pcd8544__pcd8544_bitmap_bufferPI__2" targetname: "__indirect_call" label: "C:\Users\Saos\Git\Ada2\Ada_Drivers_Library\components\src\screen\pcd8544\pcd8544.ads:191:9" }
edge: { sourcename: "pcd8544__pcd8544_bitmap_bufferPI__2" targetname: "system__wch_stw__string_to_wide_wide_string" label: "C:\Users\Saos\Git\Ada2\Ada_Drivers_Library\components\src\screen\pcd8544\pcd8544.ads:191:9" }
edge: { sourcename: "pcd8544__pcd8544_bitmap_bufferPI__2" targetname: "__indirect_call" label: "C:\Users\Saos\Git\Ada2\Ada_Drivers_Library\components\src\screen\pcd8544\pcd8544.ads:191:9" }
edge: { sourcename: "pcd8544__pcd8544_bitmap_bufferPI__2" targetname: "system__put_images__record_between" label: "C:\Users\Saos\Git\Ada2\Ada_Drivers_Library\components\src\screen\pcd8544\pcd8544.ads:191:9" }
edge: { sourcename: "pcd8544__pcd8544_bitmap_bufferPI__2" targetname: "__indirect_call" label: "C:\Users\Saos\Git\Ada2\Ada_Drivers_Library\components\src\screen\pcd8544\pcd8544.ads:191:9" }
edge: { sourcename: "pcd8544__pcd8544_bitmap_bufferPI__2" targetname: "system__put_images__put_image_unsigned" label: "C:\Users\Saos\Git\Ada2\Ada_Drivers_Library\components\src\screen\pcd8544\pcd8544.ads:191:9" }
edge: { sourcename: "pcd8544__pcd8544_bitmap_bufferPI__2" targetname: "system__put_images__record_between" label: "C:\Users\Saos\Git\Ada2\Ada_Drivers_Library\components\src\screen\pcd8544\pcd8544.ads:191:9" }
edge: { sourcename: "pcd8544__pcd8544_bitmap_bufferPI__2" targetname: "__indirect_call" label: "C:\Users\Saos\Git\Ada2\Ada_Drivers_Library\components\src\screen\pcd8544\pcd8544.ads:191:9" }
edge: { sourcename: "pcd8544__pcd8544_bitmap_bufferPI__2" targetname: "C:\Users\Saos\Git\Ada2\Ada_Drivers_Library\components\src\screen\pcd8544\pcd8544.adb:pcd8544__pcd8544_bitmap_bufferPI__uint8_array_72PI__2.0" label: "C:\Users\Saos\Git\Ada2\Ada_Drivers_Library\components\src\screen\pcd8544\pcd8544.ads:191:9" }
node: { title: "system__put_images__record_after" label: "Record_After\nC:\users\saos\appdata\local\alire\cache\toolchains\gnat_arm_elf_14.1.3_184f9b28\arm-eabi\lib\gnat\embedded-nrf52833\gnat\s-putima.ads:112:14" shape : ellipse }
edge: { sourcename: "pcd8544__pcd8544_bitmap_bufferPI__2" targetname: "system__put_images__record_after" label: "C:\Users\Saos\Git\Ada2\Ada_Drivers_Library\components\src\screen\pcd8544\pcd8544.ads:191:9" }
node: { title: "C:\Users\Saos\Git\Ada2\Ada_Drivers_Library\components\src\screen\pcd8544\pcd8544.adb:pcd8544__pcd8544_bitmap_bufferSR__uint8_array_78SR__2.1" label: "uint8_array_78SR\n<built-in>\n48 bytes (static)" }
node: { title: "system__stream_attributes__i_ssu" label: "I_Ssu\nC:\users\saos\appdata\local\alire\cache\toolchains\gnat_arm_elf_14.1.3_184f9b28\arm-eabi\lib\gnat\embedded-nrf52833\gnat\s-stratt.ads:125:13" shape : ellipse }
edge: { sourcename: "C:\Users\Saos\Git\Ada2\Ada_Drivers_Library\components\src\screen\pcd8544\pcd8544.adb:pcd8544__pcd8544_bitmap_bufferSR__uint8_array_78SR__2.1" targetname: "system__stream_attributes__i_ssu" label: "C:\Users\Saos\Git\Ada2\Ada_Drivers_Library\hal\src\hal.ads:162:9" }
node: { title: "pcd8544__pcd8544_bitmap_bufferSR__2" label: "pcd8544_bitmap_bufferSR\n<built-in>\n48 bytes (static)" }
node: { title: "memory_mapped_bitmap__memory_mapped_bitmap_bufferSR" label: "Memory_Mapped_Bitmap_Buffersr\nC:\Users\Saos\Git\Ada2\Ada_Drivers_Library\middleware\src\bitmap\memory_mapped_bitmap.ads:41:9" shape : ellipse }
edge: { sourcename: "pcd8544__pcd8544_bitmap_bufferSR__2" targetname: "memory_mapped_bitmap__memory_mapped_bitmap_bufferSR" label: "C:\Users\Saos\Git\Ada2\Ada_Drivers_Library\components\src\screen\pcd8544\pcd8544.ads:191:9" }
edge: { sourcename: "pcd8544__pcd8544_bitmap_bufferSR__2" targetname: "C:\Users\Saos\Git\Ada2\Ada_Drivers_Library\components\src\screen\pcd8544\pcd8544.adb:pcd8544__pcd8544_bitmap_bufferSR__uint8_array_78SR__2.1" label: "C:\Users\Saos\Git\Ada2\Ada_Drivers_Library\components\src\screen\pcd8544\pcd8544.ads:191:9" }
node: { title: "C:\Users\Saos\Git\Ada2\Ada_Drivers_Library\components\src\screen\pcd8544\pcd8544.adb:pcd8544__pcd8544_bitmap_bufferSW__uint8_array_86SW__2.2" label: "uint8_array_86SW\n<built-in>\n48 bytes (static)" }
node: { title: "system__stream_attributes__w_ssu" label: "W_Ssu\nC:\users\saos\appdata\local\alire\cache\toolchains\gnat_arm_elf_14.1.3_184f9b28\arm-eabi\lib\gnat\embedded-nrf52833\gnat\s-stratt.ads:163:14" shape : ellipse }
edge: { sourcename: "C:\Users\Saos\Git\Ada2\Ada_Drivers_Library\components\src\screen\pcd8544\pcd8544.adb:pcd8544__pcd8544_bitmap_bufferSW__uint8_array_86SW__2.2" targetname: "system__stream_attributes__w_ssu" label: "C:\Users\Saos\Git\Ada2\Ada_Drivers_Library\hal\src\hal.ads:162:9" }
node: { title: "pcd8544__pcd8544_bitmap_bufferSW__2" label: "pcd8544_bitmap_bufferSW\n<built-in>\n48 bytes (static)" }
node: { title: "memory_mapped_bitmap__memory_mapped_bitmap_bufferSW" label: "Memory_Mapped_Bitmap_Buffersw\nC:\Users\Saos\Git\Ada2\Ada_Drivers_Library\middleware\src\bitmap\memory_mapped_bitmap.ads:41:9" shape : ellipse }
edge: { sourcename: "pcd8544__pcd8544_bitmap_bufferSW__2" targetname: "memory_mapped_bitmap__memory_mapped_bitmap_bufferSW" label: "C:\Users\Saos\Git\Ada2\Ada_Drivers_Library\components\src\screen\pcd8544\pcd8544.ads:191:9" }
edge: { sourcename: "pcd8544__pcd8544_bitmap_bufferSW__2" targetname: "C:\Users\Saos\Git\Ada2\Ada_Drivers_Library\components\src\screen\pcd8544\pcd8544.adb:pcd8544__pcd8544_bitmap_bufferSW__uint8_array_86SW__2.2" label: "C:\Users\Saos\Git\Ada2\Ada_Drivers_Library\components\src\screen\pcd8544\pcd8544.ads:191:9" }
node: { title: "pcd8544__pcd8544_bitmap_bufferSI__2" label: "pcd8544_bitmap_bufferSI\n<built-in>\n32 bytes (static)" }
edge: { sourcename: "pcd8544__pcd8544_bitmap_bufferSI__2" targetname: "pcd8544__pcd8544_bitmap_bufferIP" label: "C:\Users\Saos\Git\Ada2\Ada_Drivers_Library\components\src\screen\pcd8544\pcd8544.ads:191:9" }
edge: { sourcename: "pcd8544__pcd8544_bitmap_bufferSI__2" targetname: "pcd8544__pcd8544_bitmap_bufferSR__2" label: "C:\Users\Saos\Git\Ada2\Ada_Drivers_Library\components\src\screen\pcd8544\pcd8544.ads:191:9" }
node: { title: "memcpy" label: "builtin_memcpy\n<built-in>" shape : ellipse }
edge: { sourcename: "pcd8544__pcd8544_bitmap_bufferSI__2" targetname: "memcpy" }
node: { title: "pcd8544__pcd8544_bitmap_bufferSO__2" label: "pcd8544_bitmap_bufferSO\n<built-in>\n24 bytes (static)" }
edge: { sourcename: "pcd8544__pcd8544_bitmap_bufferSO__2" targetname: "pcd8544__pcd8544_bitmap_bufferSW__2" label: "C:\Users\Saos\Git\Ada2\Ada_Drivers_Library\components\src\screen\pcd8544\pcd8544.ads:191:9" }
node: { title: "pcd8544__Oeq__2" label: "=\n<built-in>\n16 bytes (static)" }
node: { title: "memory_mapped_bitmap__Oeq" label: "=\nC:\Users\Saos\Git\Ada2\Ada_Drivers_Library\middleware\src\bitmap\memory_mapped_bitmap.ads:41:9" shape : ellipse }
edge: { sourcename: "pcd8544__Oeq__2" targetname: "memory_mapped_bitmap__Oeq" label: "C:\Users\Saos\Git\Ada2\Ada_Drivers_Library\components\src\screen\pcd8544\pcd8544.ads:191:9" }
node: { title: "memcmp" label: "builtin_memcmp\n<built-in>" shape : ellipse }
edge: { sourcename: "pcd8544__Oeq__2" targetname: "memcmp" label: "C:\Users\Saos\Git\Ada2\Ada_Drivers_Library\components\src\screen\pcd8544\pcd8544.ads:191:9" }
node: { title: "pcd8544___assign__2" label: "pcd8544\n<built-in>\n448 bytes (static)" }
edge: { sourcename: "pcd8544___assign__2" targetname: "memcpy" }
node: { title: "pcd8544__pcd8544_bitmap_bufferDA__2" label: "pcd8544_bitmap_bufferDA\n<built-in>\n16 bytes (static)" }
node: { title: "pcd8544__pcd8544_bitmap_bufferDF__2" label: "pcd8544_bitmap_bufferDF\n<built-in>\n16 bytes (static)" }
node: { title: "pcd8544__Tpcd8544_bitmap_bufferCFD" label: "Tpcd8544_bitmap_bufferCFD\n<built-in>\n16 bytes (static)" }
edge: { sourcename: "pcd8544__Tpcd8544_bitmap_bufferCFD" targetname: "__indirect_call" label: "C:\Users\Saos\Git\Ada2\Ada_Drivers_Library\components\src\screen\pcd8544\pcd8544.ads:191:9" }
node: { title: "pcd8544__pcd8544_deviceIP" label: "pcd8544_deviceIP\n<built-in>\n32 bytes (static)" }
edge: { sourcename: "pcd8544__pcd8544_deviceIP" targetname: "pcd8544__pcd8544_bitmap_bufferIP" label: "C:\Users\Saos\Git\Ada2\Ada_Drivers_Library\components\src\screen\pcd8544\pcd8544.ads:203:10" }
node: { title: "pcd8544_reg__pcd8544_function_registerIP" label: "Pcd8544_Function_Registerip\nC:\Users\Saos\Git\Ada2\Ada_Drivers_Library\components\src\screen\pcd8544\pcd8544_reg.ads:50:9" shape : ellipse }
edge: { sourcename: "pcd8544__pcd8544_deviceIP" targetname: "pcd8544_reg__pcd8544_function_registerIP" label: "C:\Users\Saos\Git\Ada2\Ada_Drivers_Library\components\src\screen\pcd8544\pcd8544.ads:206:10" }
node: { title: "pcd8544_reg__pcd8544_display_registerIP" label: "Pcd8544_Display_Registerip\nC:\Users\Saos\Git\Ada2\Ada_Drivers_Library\components\src\screen\pcd8544\pcd8544_reg.ads:65:9" shape : ellipse }
edge: { sourcename: "pcd8544__pcd8544_deviceIP" targetname: "pcd8544_reg__pcd8544_display_registerIP" label: "C:\Users\Saos\Git\Ada2\Ada_Drivers_Library\components\src\screen\pcd8544\pcd8544.ads:207:10" }
node: { title: "pcd8544___size__5" label: "pcd8544\n<built-in>\n16 bytes (static)" }
node: { title: "C:\Users\Saos\Git\Ada2\Ada_Drivers_Library\components\src\screen\pcd8544\pcd8544.adb:pcd8544__pcd8544_devicePI__pcd8544_function_register_178PI__2.3" label: "pcd8544_function_register_178PI\n<built-in>\n424 bytes (static)" }
edge: { sourcename: "C:\Users\Saos\Git\Ada2\Ada_Drivers_Library\components\src\screen\pcd8544\pcd8544.adb:pcd8544__pcd8544_devicePI__pcd8544_function_register_178PI__2.3" targetname: "system__put_images__record_before" label: "C:\Users\Saos\Git\Ada2\Ada_Drivers_Library\components\src\screen\pcd8544\pcd8544.ads:196:9" }
edge: { sourcename: "C:\Users\Saos\Git\Ada2\Ada_Drivers_Library\components\src\screen\pcd8544\pcd8544.adb:pcd8544__pcd8544_devicePI__pcd8544_function_register_178PI__2.3" targetname: "__indirect_call" label: "C:\Users\Saos\Git\Ada2\Ada_Drivers_Library\components\src\screen\pcd8544\pcd8544.ads:196:9" }
edge: { sourcename: "C:\Users\Saos\Git\Ada2\Ada_Drivers_Library\components\src\screen\pcd8544\pcd8544.adb:pcd8544__pcd8544_devicePI__pcd8544_function_register_178PI__2.3" targetname: "system__wch_stw__string_to_wide_wide_string" label: "C:\Users\Saos\Git\Ada2\Ada_Drivers_Library\components\src\screen\pcd8544\pcd8544.ads:196:9" }
edge: { sourcename: "C:\Users\Saos\Git\Ada2\Ada_Drivers_Library\components\src\screen\pcd8544\pcd8544.adb:pcd8544__pcd8544_devicePI__pcd8544_function_register_178PI__2.3" targetname: "__indirect_call" label: "C:\Users\Saos\Git\Ada2\Ada_Drivers_Library\components\src\screen\pcd8544\pcd8544.ads:196:9" }
edge: { sourcename: "C:\Users\Saos\Git\Ada2\Ada_Drivers_Library\components\src\screen\pcd8544\pcd8544.adb:pcd8544__pcd8544_devicePI__pcd8544_function_register_178PI__2.3" targetname: "system__put_images__record_between" label: "C:\Users\Saos\Git\Ada2\Ada_Drivers_Library\components\src\screen\pcd8544\pcd8544.ads:196:9" }
edge: { sourcename: "C:\Users\Saos\Git\Ada2\Ada_Drivers_Library\components\src\screen\pcd8544\pcd8544.adb:pcd8544__pcd8544_devicePI__pcd8544_function_register_178PI__2.3" targetname: "__indirect_call" label: "C:\Users\Saos\Git\Ada2\Ada_Drivers_Library\components\src\screen\pcd8544\pcd8544.ads:196:9" }
edge: { sourcename: "C:\Users\Saos\Git\Ada2\Ada_Drivers_Library\components\src\screen\pcd8544\pcd8544.adb:pcd8544__pcd8544_devicePI__pcd8544_function_register_178PI__2.3" targetname: "system__wch_stw__string_to_wide_wide_string" label: "C:\Users\Saos\Git\Ada2\Ada_Drivers_Library\components\src\screen\pcd8544\pcd8544.ads:196:9" }
edge: { sourcename: "C:\Users\Saos\Git\Ada2\Ada_Drivers_Library\components\src\screen\pcd8544\pcd8544.adb:pcd8544__pcd8544_devicePI__pcd8544_function_register_178PI__2.3" targetname: "__indirect_call" label: "C:\Users\Saos\Git\Ada2\Ada_Drivers_Library\components\src\screen\pcd8544\pcd8544.ads:196:9" }
edge: { sourcename: "C:\Users\Saos\Git\Ada2\Ada_Drivers_Library\components\src\screen\pcd8544\pcd8544.adb:pcd8544__pcd8544_devicePI__pcd8544_function_register_178PI__2.3" targetname: "system__put_images__record_between" label: "C:\Users\Saos\Git\Ada2\Ada_Drivers_Library\components\src\screen\pcd8544\pcd8544.ads:196:9" }
edge: { sourcename: "C:\Users\Saos\Git\Ada2\Ada_Drivers_Library\components\src\screen\pcd8544\pcd8544.adb:pcd8544__pcd8544_devicePI__pcd8544_function_register_178PI__2.3" targetname: "__indirect_call" label: "C:\Users\Saos\Git\Ada2\Ada_Drivers_Library\components\src\screen\pcd8544\pcd8544.ads:196:9" }
edge: { sourcename: "C:\Users\Saos\Git\Ada2\Ada_Drivers_Library\components\src\screen\pcd8544\pcd8544.adb:pcd8544__pcd8544_devicePI__pcd8544_function_register_178PI__2.3" targetname: "system__wch_stw__string_to_wide_wide_string" label: "C:\Users\Saos\Git\Ada2\Ada_Drivers_Library\components\src\screen\pcd8544\pcd8544.ads:196:9" }
edge: { sourcename: "C:\Users\Saos\Git\Ada2\Ada_Drivers_Library\components\src\screen\pcd8544\pcd8544.adb:pcd8544__pcd8544_devicePI__pcd8544_function_register_178PI__2.3" targetname: "__indirect_call" label: "C:\Users\Saos\Git\Ada2\Ada_Drivers_Library\components\src\screen\pcd8544\pcd8544.ads:196:9" }
edge: { sourcename: "C:\Users\Saos\Git\Ada2\Ada_Drivers_Library\components\src\screen\pcd8544\pcd8544.adb:pcd8544__pcd8544_devicePI__pcd8544_function_register_178PI__2.3" targetname: "system__put_images__record_between" label: "C:\Users\Saos\Git\Ada2\Ada_Drivers_Library\components\src\screen\pcd8544\pcd8544.ads:196:9" }
edge: { sourcename: "C:\Users\Saos\Git\Ada2\Ada_Drivers_Library\components\src\screen\pcd8544\pcd8544.adb:pcd8544__pcd8544_devicePI__pcd8544_function_register_178PI__2.3" targetname: "__indirect_call" label: "C:\Users\Saos\Git\Ada2\Ada_Drivers_Library\components\src\screen\pcd8544\pcd8544.ads:196:9" }
edge: { sourcename: "C:\Users\Saos\Git\Ada2\Ada_Drivers_Library\components\src\screen\pcd8544\pcd8544.adb:pcd8544__pcd8544_devicePI__pcd8544_function_register_178PI__2.3" targetname: "system__wch_stw__string_to_wide_wide_string" label: "C:\Users\Saos\Git\Ada2\Ada_Drivers_Library\components\src\screen\pcd8544\pcd8544.ads:196:9" }
edge: { sourcename: "C:\Users\Saos\Git\Ada2\Ada_Drivers_Library\components\src\screen\pcd8544\pcd8544.adb:pcd8544__pcd8544_devicePI__pcd8544_function_register_178PI__2.3" targetname: "__indirect_call" label: "C:\Users\Saos\Git\Ada2\Ada_Drivers_Library\components\src\screen\pcd8544\pcd8544.ads:196:9" }
edge: { sourcename: "C:\Users\Saos\Git\Ada2\Ada_Drivers_Library\components\src\screen\pcd8544\pcd8544.adb:pcd8544__pcd8544_devicePI__pcd8544_function_register_178PI__2.3" targetname: "system__put_images__record_after" label: "C:\Users\Saos\Git\Ada2\Ada_Drivers_Library\components\src\screen\pcd8544\pcd8544.ads:196:9" }
node: { title: "pcd8544__pcd8544_devicePI__2" label: "pcd8544_devicePI\n<built-in>\n264 bytes (static)" }
edge: { sourcename: "pcd8544__pcd8544_devicePI__2" targetname: "system__put_images__record_before" label: "C:\Users\Saos\Git\Ada2\Ada_Drivers_Library\components\src\screen\pcd8544\pcd8544.ads:196:9" }
edge: { sourcename: "pcd8544__pcd8544_devicePI__2" targetname: "__indirect_call" label: "C:\Users\Saos\Git\Ada2\Ada_Drivers_Library\components\src\screen\pcd8544\pcd8544.ads:196:9" }
edge: { sourcename: "pcd8544__pcd8544_devicePI__2" targetname: "system__put_images__record_between" label: "C:\Users\Saos\Git\Ada2\Ada_Drivers_Library\components\src\screen\pcd8544\pcd8544.ads:196:9" }
edge: { sourcename: "pcd8544__pcd8544_devicePI__2" targetname: "__indirect_call" label: "C:\Users\Saos\Git\Ada2\Ada_Drivers_Library\components\src\screen\pcd8544\pcd8544.ads:196:9" }
edge: { sourcename: "pcd8544__pcd8544_devicePI__2" targetname: "system__put_images__record_between" label: "C:\Users\Saos\Git\Ada2\Ada_Drivers_Library\components\src\screen\pcd8544\pcd8544.ads:196:9" }
edge: { sourcename: "pcd8544__pcd8544_devicePI__2" targetname: "__indirect_call" label: "C:\Users\Saos\Git\Ada2\Ada_Drivers_Library\components\src\screen\pcd8544\pcd8544.ads:196:9" }
edge: { sourcename: "pcd8544__pcd8544_devicePI__2" targetname: "system__put_images__record_between" label: "C:\Users\Saos\Git\Ada2\Ada_Drivers_Library\components\src\screen\pcd8544\pcd8544.ads:196:9" }
edge: { sourcename: "pcd8544__pcd8544_devicePI__2" targetname: "__indirect_call" label: "C:\Users\Saos\Git\Ada2\Ada_Drivers_Library\components\src\screen\pcd8544\pcd8544.ads:196:9" }
edge: { sourcename: "pcd8544__pcd8544_devicePI__2" targetname: "system__put_images__record_between" label: "C:\Users\Saos\Git\Ada2\Ada_Drivers_Library\components\src\screen\pcd8544\pcd8544.ads:196:9" }
edge: { sourcename: "pcd8544__pcd8544_devicePI__2" targetname: "__indirect_call" label: "C:\Users\Saos\Git\Ada2\Ada_Drivers_Library\components\src\screen\pcd8544\pcd8544.ads:196:9" }
edge: { sourcename: "pcd8544__pcd8544_devicePI__2" targetname: "system__put_images__record_between" label: "C:\Users\Saos\Git\Ada2\Ada_Drivers_Library\components\src\screen\pcd8544\pcd8544.ads:196:9" }
edge: { sourcename: "pcd8544__pcd8544_devicePI__2" targetname: "__indirect_call" label: "C:\Users\Saos\Git\Ada2\Ada_Drivers_Library\components\src\screen\pcd8544\pcd8544.ads:196:9" }
edge: { sourcename: "pcd8544__pcd8544_devicePI__2" targetname: "pcd8544__pcd8544_bitmap_bufferPI__2" label: "C:\Users\Saos\Git\Ada2\Ada_Drivers_Library\components\src\screen\pcd8544\pcd8544.ads:196:9" }
edge: { sourcename: "pcd8544__pcd8544_devicePI__2" targetname: "system__put_images__record_between" label: "C:\Users\Saos\Git\Ada2\Ada_Drivers_Library\components\src\screen\pcd8544\pcd8544.ads:196:9" }
edge: { sourcename: "pcd8544__pcd8544_devicePI__2" targetname: "__indirect_call" label: "C:\Users\Saos\Git\Ada2\Ada_Drivers_Library\components\src\screen\pcd8544\pcd8544.ads:196:9" }
edge: { sourcename: "pcd8544__pcd8544_devicePI__2" targetname: "system__wch_stw__string_to_wide_wide_string" label: "C:\Users\Saos\Git\Ada2\Ada_Drivers_Library\components\src\screen\pcd8544\pcd8544.ads:196:9" }
edge: { sourcename: "pcd8544__pcd8544_devicePI__2" targetname: "__indirect_call" label: "C:\Users\Saos\Git\Ada2\Ada_Drivers_Library\components\src\screen\pcd8544\pcd8544.ads:196:9" }
edge: { sourcename: "pcd8544__pcd8544_devicePI__2" targetname: "system__put_images__record_between" label: "C:\Users\Saos\Git\Ada2\Ada_Drivers_Library\components\src\screen\pcd8544\pcd8544.ads:196:9" }
edge: { sourcename: "pcd8544__pcd8544_devicePI__2" targetname: "__indirect_call" label: "C:\Users\Saos\Git\Ada2\Ada_Drivers_Library\components\src\screen\pcd8544\pcd8544.ads:196:9" }
edge: { sourcename: "pcd8544__pcd8544_devicePI__2" targetname: "system__wch_stw__string_to_wide_wide_string" label: "C:\Users\Saos\Git\Ada2\Ada_Drivers_Library\components\src\screen\pcd8544\pcd8544.ads:196:9" }
edge: { sourcename: "pcd8544__pcd8544_devicePI__2" targetname: "__indirect_call" label: "C:\Users\Saos\Git\Ada2\Ada_Drivers_Library\components\src\screen\pcd8544\pcd8544.ads:196:9" }
edge: { sourcename: "pcd8544__pcd8544_devicePI__2" targetname: "system__put_images__record_between" label: "C:\Users\Saos\Git\Ada2\Ada_Drivers_Library\components\src\screen\pcd8544\pcd8544.ads:196:9" }
edge: { sourcename: "pcd8544__pcd8544_devicePI__2" targetname: "__indirect_call" label: "C:\Users\Saos\Git\Ada2\Ada_Drivers_Library\components\src\screen\pcd8544\pcd8544.ads:196:9" }
edge: { sourcename: "pcd8544__pcd8544_devicePI__2" targetname: "C:\Users\Saos\Git\Ada2\Ada_Drivers_Library\components\src\screen\pcd8544\pcd8544.adb:pcd8544__pcd8544_devicePI__pcd8544_function_register_178PI__2.3" label: "C:\Users\Saos\Git\Ada2\Ada_Drivers_Library\components\src\screen\pcd8544\pcd8544.ads:196:9" }
edge: { sourcename: "pcd8544__pcd8544_devicePI__2" targetname: "system__put_images__record_between" label: "C:\Users\Saos\Git\Ada2\Ada_Drivers_Library\components\src\screen\pcd8544\pcd8544.ads:196:9" }
edge: { sourcename: "pcd8544__pcd8544_devicePI__2" targetname: "__indirect_call" label: "C:\Users\Saos\Git\Ada2\Ada_Drivers_Library\components\src\screen\pcd8544\pcd8544.ads:196:9" }
edge: { sourcename: "pcd8544__pcd8544_devicePI__2" targetname: "C:\Users\Saos\Git\Ada2\Ada_Drivers_Library\components\src\screen\pcd8544\pcd8544.adb:pcd8544__pcd8544_devicePI__pcd8544_display_register_261PI__2.4" label: "C:\Users\Saos\Git\Ada2\Ada_Drivers_Library\components\src\screen\pcd8544\pcd8544.ads:196:9" }
edge: { sourcename: "pcd8544__pcd8544_devicePI__2" targetname: "system__put_images__record_after" label: "C:\Users\Saos\Git\Ada2\Ada_Drivers_Library\components\src\screen\pcd8544\pcd8544.ads:196:9" }
node: { title: "C:\Users\Saos\Git\Ada2\Ada_Drivers_Library\components\src\screen\pcd8544\pcd8544.adb:pcd8544__pcd8544_devicePI__pcd8544_display_register_261PI__2.4" label: "pcd8544_display_register_261PI\n<built-in>\n400 bytes (static)" }
edge: { sourcename: "C:\Users\Saos\Git\Ada2\Ada_Drivers_Library\components\src\screen\pcd8544\pcd8544.adb:pcd8544__pcd8544_devicePI__pcd8544_display_register_261PI__2.4" targetname: "system__put_images__record_before" label: "C:\Users\Saos\Git\Ada2\Ada_Drivers_Library\components\src\screen\pcd8544\pcd8544.ads:196:9" }
edge: { sourcename: "C:\Users\Saos\Git\Ada2\Ada_Drivers_Library\components\src\screen\pcd8544\pcd8544.adb:pcd8544__pcd8544_devicePI__pcd8544_display_register_261PI__2.4" targetname: "__indirect_call" label: "C:\Users\Saos\Git\Ada2\Ada_Drivers_Library\components\src\screen\pcd8544\pcd8544.ads:196:9" }
edge: { sourcename: "C:\Users\Saos\Git\Ada2\Ada_Drivers_Library\components\src\screen\pcd8544\pcd8544.adb:pcd8544__pcd8544_devicePI__pcd8544_display_register_261PI__2.4" targetname: "system__wch_stw__string_to_wide_wide_string" label: "C:\Users\Saos\Git\Ada2\Ada_Drivers_Library\components\src\screen\pcd8544\pcd8544.ads:196:9" }
edge: { sourcename: "C:\Users\Saos\Git\Ada2\Ada_Drivers_Library\components\src\screen\pcd8544\pcd8544.adb:pcd8544__pcd8544_devicePI__pcd8544_display_register_261PI__2.4" targetname: "__indirect_call" label: "C:\Users\Saos\Git\Ada2\Ada_Drivers_Library\components\src\screen\pcd8544\pcd8544.ads:196:9" }
edge: { sourcename: "C:\Users\Saos\Git\Ada2\Ada_Drivers_Library\components\src\screen\pcd8544\pcd8544.adb:pcd8544__pcd8544_devicePI__pcd8544_display_register_261PI__2.4" targetname: "system__put_images__record_between" label: "C:\Users\Saos\Git\Ada2\Ada_Drivers_Library\components\src\screen\pcd8544\pcd8544.ads:196:9" }
edge: { sourcename: "C:\Users\Saos\Git\Ada2\Ada_Drivers_Library\components\src\screen\pcd8544\pcd8544.adb:pcd8544__pcd8544_devicePI__pcd8544_display_register_261PI__2.4" targetname: "__indirect_call" label: "C:\Users\Saos\Git\Ada2\Ada_Drivers_Library\components\src\screen\pcd8544\pcd8544.ads:196:9" }
edge: { sourcename: "C:\Users\Saos\Git\Ada2\Ada_Drivers_Library\components\src\screen\pcd8544\pcd8544.adb:pcd8544__pcd8544_devicePI__pcd8544_display_register_261PI__2.4" targetname: "system__wch_stw__string_to_wide_wide_string" label: "C:\Users\Saos\Git\Ada2\Ada_Drivers_Library\components\src\screen\pcd8544\pcd8544.ads:196:9" }
edge: { sourcename: "C:\Users\Saos\Git\Ada2\Ada_Drivers_Library\components\src\screen\pcd8544\pcd8544.adb:pcd8544__pcd8544_devicePI__pcd8544_display_register_261PI__2.4" targetname: "__indirect_call" label: "C:\Users\Saos\Git\Ada2\Ada_Drivers_Library\components\src\screen\pcd8544\pcd8544.ads:196:9" }
edge: { sourcename: "C:\Users\Saos\Git\Ada2\Ada_Drivers_Library\components\src\screen\pcd8544\pcd8544.adb:pcd8544__pcd8544_devicePI__pcd8544_display_register_261PI__2.4" targetname: "system__put_images__record_between" label: "C:\Users\Saos\Git\Ada2\Ada_Drivers_Library\components\src\screen\pcd8544\pcd8544.ads:196:9" }
edge: { sourcename: "C:\Users\Saos\Git\Ada2\Ada_Drivers_Library\components\src\screen\pcd8544\pcd8544.adb:pcd8544__pcd8544_devicePI__pcd8544_display_register_261PI__2.4" targetname: "__indirect_call" label: "C:\Users\Saos\Git\Ada2\Ada_Drivers_Library\components\src\screen\pcd8544\pcd8544.ads:196:9" }
edge: { sourcename: "C:\Users\Saos\Git\Ada2\Ada_Drivers_Library\components\src\screen\pcd8544\pcd8544.adb:pcd8544__pcd8544_devicePI__pcd8544_display_register_261PI__2.4" targetname: "system__wch_stw__string_to_wide_wide_string" label: "C:\Users\Saos\Git\Ada2\Ada_Drivers_Library\components\src\screen\pcd8544\pcd8544.ads:196:9" }
edge: { sourcename: "C:\Users\Saos\Git\Ada2\Ada_Drivers_Library\components\src\screen\pcd8544\pcd8544.adb:pcd8544__pcd8544_devicePI__pcd8544_display_register_261PI__2.4" targetname: "__indirect_call" label: "C:\Users\Saos\Git\Ada2\Ada_Drivers_Library\components\src\screen\pcd8544\pcd8544.ads:196:9" }
edge: { sourcename: "C:\Users\Saos\Git\Ada2\Ada_Drivers_Library\components\src\screen\pcd8544\pcd8544.adb:pcd8544__pcd8544_devicePI__pcd8544_display_register_261PI__2.4" targetname: "system__put_images__record_between" label: "C:\Users\Saos\Git\Ada2\Ada_Drivers_Library\components\src\screen\pcd8544\pcd8544.ads:196:9" }
edge: { sourcename: "C:\Users\Saos\Git\Ada2\Ada_Drivers_Library\components\src\screen\pcd8544\pcd8544.adb:pcd8544__pcd8544_devicePI__pcd8544_display_register_261PI__2.4" targetname: "__indirect_call" label: "C:\Users\Saos\Git\Ada2\Ada_Drivers_Library\components\src\screen\pcd8544\pcd8544.ads:196:9" }
edge: { sourcename: "C:\Users\Saos\Git\Ada2\Ada_Drivers_Library\components\src\screen\pcd8544\pcd8544.adb:pcd8544__pcd8544_devicePI__pcd8544_display_register_261PI__2.4" targetname: "system__wch_stw__string_to_wide_wide_string" label: "C:\Users\Saos\Git\Ada2\Ada_Drivers_Library\components\src\screen\pcd8544\pcd8544.ads:196:9" }
edge: { sourcename: "C:\Users\Saos\Git\Ada2\Ada_Drivers_Library\components\src\screen\pcd8544\pcd8544.adb:pcd8544__pcd8544_devicePI__pcd8544_display_register_261PI__2.4" targetname: "__indirect_call" label: "C:\Users\Saos\Git\Ada2\Ada_Drivers_Library\components\src\screen\pcd8544\pcd8544.ads:196:9" }
edge: { sourcename: "C:\Users\Saos\Git\Ada2\Ada_Drivers_Library\components\src\screen\pcd8544\pcd8544.adb:pcd8544__pcd8544_devicePI__pcd8544_display_register_261PI__2.4" targetname: "system__put_images__record_after" label: "C:\Users\Saos\Git\Ada2\Ada_Drivers_Library\components\src\screen\pcd8544\pcd8544.ads:196:9" }
node: { title: "pcd8544__pcd8544_deviceDF__2" label: "pcd8544_deviceDF\n<built-in>\n16 bytes (static)" }
node: { title: "pcd8544__Tpcd8544_deviceCFD" label: "Tpcd8544_deviceCFD\n<built-in>\n16 bytes (static)" }
edge: { sourcename: "pcd8544__Tpcd8544_deviceCFD" targetname: "__indirect_call" label: "C:\Users\Saos\Git\Ada2\Ada_Drivers_Library\components\src\screen\pcd8544\pcd8544.ads:61:9" }
node: { title: "pcd8544__finalize_spec" label: "finalize_spec\n<built-in>\n16 bytes (static)" }
node: { title: "ada__tags__unregister_tag" label: "Unregister_Tag\nC:\users\saos\appdata\local\alire\cache\toolchains\gnat_arm_elf_14.1.3_184f9b28\arm-eabi\lib\gnat\embedded-nrf52833\gnat\a-tags.ads:589:14" shape : ellipse }
edge: { sourcename: "pcd8544__finalize_spec" targetname: "ada__tags__unregister_tag" label: "C:\Users\Saos\Git\Ada2\Ada_Drivers_Library\components\src\screen\pcd8544\pcd8544.ads:60:1" }
edge: { sourcename: "pcd8544__finalize_spec" targetname: "ada__tags__unregister_tag" label: "C:\Users\Saos\Git\Ada2\Ada_Drivers_Library\components\src\screen\pcd8544\pcd8544.ads:60:1" }
node: { title: "system__finalization_masters__finalize" label: "Finalize\nC:\users\saos\appdata\local\alire\cache\toolchains\gnat_arm_elf_14.1.3_184f9b28\arm-eabi\lib\gnat\embedded-nrf52833\gnat\s-finmas.ads:86:25" shape : ellipse }
edge: { sourcename: "pcd8544__finalize_spec" targetname: "system__finalization_masters__finalize" label: "C:\Users\Saos\Git\Ada2\Ada_Drivers_Library\components\src\screen\pcd8544\pcd8544.ads:68:9" }
node: { title: "_Unwind_Resume" label: "builtin_unwind_resume\n<built-in>" shape : ellipse }
edge: { sourcename: "pcd8544__finalize_spec" targetname: "_Unwind_Resume" }
node: { title: "__gnat_begin_handler_v1" label: "gnat_begin_handler_v1\n<built-in>" shape : ellipse }
edge: { sourcename: "pcd8544__finalize_spec" targetname: "__gnat_begin_handler_v1" label: "C:\Users\Saos\Git\Ada2\Ada_Drivers_Library\components\src\screen\pcd8544\pcd8544.ads:60:1" }
node: { title: "__gnat_end_handler_v1" label: "gnat_end_handler_v1\n<built-in>" shape : ellipse }
edge: { sourcename: "pcd8544__finalize_spec" targetname: "__gnat_end_handler_v1" label: "C:\Users\Saos\Git\Ada2\Ada_Drivers_Library\components\src\screen\pcd8544\pcd8544.ads:60:1" }
node: { title: "C:\Users\Saos\Git\Ada2\Ada_Drivers_Library\components\src\screen\pcd8544\pcd8544.adb:pcd8544__T423s" label: "T423s\n<built-in>\n24 bytes (static)" }
node: { title: "system__secondary_stack__ss_allocate" label: "Ss_Allocate\nC:\users\saos\appdata\local\alire\cache\toolchains\gnat_arm_elf_14.1.3_184f9b28\arm-eabi\lib\gnat\embedded-nrf52833\gnat\s-secsta.ads:58:14" shape : ellipse }
edge: { sourcename: "C:\Users\Saos\Git\Ada2\Ada_Drivers_Library\components\src\screen\pcd8544\pcd8544.adb:pcd8544__T423s" targetname: "system__secondary_stack__ss_allocate" label: "C:\Users\Saos\Git\Ada2\Ada_Drivers_Library\components\src\screen\pcd8544\pcd8544.ads:191:9" }
edge: { sourcename: "C:\Users\Saos\Git\Ada2\Ada_Drivers_Library\components\src\screen\pcd8544\pcd8544.adb:pcd8544__T423s" targetname: "pcd8544__pcd8544_bitmap_bufferSI__2" label: "C:\Users\Saos\Git\Ada2\Ada_Drivers_Library\components\src\screen\pcd8544\pcd8544.ads:191:9" }
node: { title: "pcd8544__chip_select" label: "CHIP_SELECT\nC:\Users\Saos\Git\Ada2\Ada_Drivers_Library\components\src\screen\pcd8544\pcd8544.adb:38:4\n16 bytes (static)" }
node: { title: "__gnat_rcheck_PE_Access_Before_Elaboration" label: "gnat_rcheck_PE_Access_Before_Elaboration\n<built-in>" shape : ellipse }
edge: { sourcename: "pcd8544__chip_select" targetname: "__gnat_rcheck_PE_Access_Before_Elaboration" label: "C:\Users\Saos\Git\Ada2\Ada_Drivers_Library\components\src\screen\pcd8544\pcd8544.adb:38:4" }
node: { title: "__gnat_rcheck_CE_Access_Check" label: "gnat_rcheck_CE_Access_Check\n<built-in>" shape : ellipse }
edge: { sourcename: "pcd8544__chip_select" targetname: "__gnat_rcheck_CE_Access_Check" label: "C:\Users\Saos\Git\Ada2\Ada_Drivers_Library\components\src\screen\pcd8544\pcd8544.adb:43:17" }
edge: { sourcename: "pcd8544__chip_select" targetname: "__indirect_call" label: "C:\Users\Saos\Git\Ada2\Ada_Drivers_Library\components\src\screen\pcd8544\pcd8544.adb:43:20" }
edge: { sourcename: "pcd8544__chip_select" targetname: "__gnat_rcheck_CE_Access_Check" label: "C:\Users\Saos\Git\Ada2\Ada_Drivers_Library\components\src\screen\pcd8544\pcd8544.adb:45:17" }
edge: { sourcename: "pcd8544__chip_select" targetname: "__indirect_call" label: "C:\Users\Saos\Git\Ada2\Ada_Drivers_Library\components\src\screen\pcd8544\pcd8544.adb:45:20" }
node: { title: "pcd8544__reset" label: "RESET\nC:\Users\Saos\Git\Ada2\Ada_Drivers_Library\components\src\screen\pcd8544\pcd8544.adb:54:4\n16 bytes (static)" }
edge: { sourcename: "pcd8544__reset" targetname: "__gnat_rcheck_PE_Access_Before_Elaboration" label: "C:\Users\Saos\Git\Ada2\Ada_Drivers_Library\components\src\screen\pcd8544\pcd8544.adb:54:4" }
edge: { sourcename: "pcd8544__reset" targetname: "__gnat_rcheck_CE_Access_Check" label: "C:\Users\Saos\Git\Ada2\Ada_Drivers_Library\components\src\screen\pcd8544\pcd8544.adb:57:14" }
edge: { sourcename: "pcd8544__reset" targetname: "__indirect_call" label: "C:\Users\Saos\Git\Ada2\Ada_Drivers_Library\components\src\screen\pcd8544\pcd8544.adb:57:18" }
edge: { sourcename: "pcd8544__reset" targetname: "__gnat_rcheck_CE_Access_Check" label: "C:\Users\Saos\Git\Ada2\Ada_Drivers_Library\components\src\screen\pcd8544\pcd8544.adb:58:14" }
edge: { sourcename: "pcd8544__reset" targetname: "__indirect_call" label: "C:\Users\Saos\Git\Ada2\Ada_Drivers_Library\components\src\screen\pcd8544\pcd8544.adb:58:18" }
edge: { sourcename: "pcd8544__reset" targetname: "__indirect_call" label: "C:\Users\Saos\Git\Ada2\Ada_Drivers_Library\components\src\screen\pcd8544\pcd8544.adb:61:19" }
node: { title: "pcd8544__transmit" label: "TRANSMIT\nC:\Users\Saos\Git\Ada2\Ada_Drivers_Library\components\src\screen\pcd8544\pcd8544.adb:69:4\n136 bytes (dynamic)" }
edge: { sourcename: "pcd8544__transmit" targetname: "__gnat_rcheck_PE_Access_Before_Elaboration" label: "C:\Users\Saos\Git\Ada2\Ada_Drivers_Library\components\src\screen\pcd8544\pcd8544.adb:69:4" }
edge: { sourcename: "pcd8544__transmit" targetname: "pcd8544__chip_select" label: "C:\Users\Saos\Git\Ada2\Ada_Drivers_Library\components\src\screen\pcd8544\pcd8544.adb:72:11" }
edge: { sourcename: "pcd8544__transmit" targetname: "__indirect_call" label: "C:\Users\Saos\Git\Ada2\Ada_Drivers_Library\components\src\screen\pcd8544\pcd8544.adb:73:14" }
node: { title: "hal__spi__transmitDP" label: "TRANSMITDP\nC:\Users\Saos\Git\Ada2\Ada_Drivers_Library\hal\src\hal-spi.ads:54:14" shape : ellipse }
edge: { sourcename: "pcd8544__transmit" targetname: "hal__spi__transmitDP" label: "C:\Users\Saos\Git\Ada2\Ada_Drivers_Library\components\src\screen\pcd8544\pcd8544.adb:74:16" }
node: { title: "system__assertions__raise_assert_failure" label: "Raise_Assert_Failure\nC:\users\saos\appdata\local\alire\cache\toolchains\gnat_arm_elf_14.1.3_184f9b28\arm-eabi\lib\gnat\embedded-nrf52833\gnat\s-assert.ads:46:14" shape : ellipse }
edge: { sourcename: "pcd8544__transmit" targetname: "system__assertions__raise_assert_failure" label: "C:\Users\Saos\Git\Ada2\Ada_Drivers_Library\components\src\screen\pcd8544\pcd8544.adb:74:16" }
edge: { sourcename: "pcd8544__transmit" targetname: "__indirect_call" label: "C:\Users\Saos\Git\Ada2\Ada_Drivers_Library\components\src\screen\pcd8544\pcd8544.adb:74:16" }
edge: { sourcename: "pcd8544__transmit" targetname: "pcd8544__chip_select" label: "C:\Users\Saos\Git\Ada2\Ada_Drivers_Library\components\src\screen\pcd8544\pcd8544.adb:75:11" }
node: { title: "__gnat_rcheck_CE_Invalid_Data" label: "gnat_rcheck_CE_Invalid_Data\n<built-in>" shape : ellipse }
edge: { sourcename: "pcd8544__transmit" targetname: "__gnat_rcheck_CE_Invalid_Data" label: "C:\Users\Saos\Git\Ada2\Ada_Drivers_Library\components\src\screen\pcd8544\pcd8544.adb:77:73" }
edge: { sourcename: "pcd8544__transmit" targetname: "memcpy" }
node: { title: "__gnat_raise_exception" label: "Raise_Exception_Always\nC:\users\saos\appdata\local\alire\cache\toolchains\gnat_arm_elf_14.1.3_184f9b28\arm-eabi\lib\gnat\embedded-nrf52833\gnat\a-except.ads:186:14" shape : ellipse }
edge: { sourcename: "pcd8544__transmit" targetname: "__gnat_raise_exception" label: "C:\Users\Saos\Git\Ada2\Ada_Drivers_Library\components\src\screen\pcd8544\pcd8544.adb:77:10" }
node: { title: "pcd8544__transmit__2" label: "TRANSMIT\nC:\Users\Saos\Git\Ada2\Ada_Drivers_Library\components\src\screen\pcd8544\pcd8544.adb:85:4\n160 bytes (dynamic)" }
edge: { sourcename: "pcd8544__transmit__2" targetname: "__gnat_rcheck_PE_Access_Before_Elaboration" label: "C:\Users\Saos\Git\Ada2\Ada_Drivers_Library\components\src\screen\pcd8544\pcd8544.adb:85:4" }
edge: { sourcename: "pcd8544__transmit__2" targetname: "pcd8544__chip_select" label: "C:\Users\Saos\Git\Ada2\Ada_Drivers_Library\components\src\screen\pcd8544\pcd8544.adb:88:11" }
edge: { sourcename: "pcd8544__transmit__2" targetname: "__indirect_call" label: "C:\Users\Saos\Git\Ada2\Ada_Drivers_Library\components\src\screen\pcd8544\pcd8544.adb:89:14" }
node: { title: "__gnat_rcheck_CE_Range_Check" label: "gnat_rcheck_CE_Range_Check\n<built-in>" shape : ellipse }
edge: { sourcename: "pcd8544__transmit__2" targetname: "__gnat_rcheck_CE_Range_Check" label: "C:\Users\Saos\Git\Ada2\Ada_Drivers_Library\components\src\screen\pcd8544\pcd8544.adb:90:40" }
edge: { sourcename: "pcd8544__transmit__2" targetname: "hal__spi__transmitDP" label: "C:\Users\Saos\Git\Ada2\Ada_Drivers_Library\components\src\screen\pcd8544\pcd8544.adb:90:16" }
edge: { sourcename: "pcd8544__transmit__2" targetname: "system__assertions__raise_assert_failure" label: "C:\Users\Saos\Git\Ada2\Ada_Drivers_Library\components\src\screen\pcd8544\pcd8544.adb:90:16" }
edge: { sourcename: "pcd8544__transmit__2" targetname: "__indirect_call" label: "C:\Users\Saos\Git\Ada2\Ada_Drivers_Library\components\src\screen\pcd8544\pcd8544.adb:90:16" }
edge: { sourcename: "pcd8544__transmit__2" targetname: "pcd8544__chip_select" label: "C:\Users\Saos\Git\Ada2\Ada_Drivers_Library\components\src\screen\pcd8544\pcd8544.adb:91:11" }
edge: { sourcename: "pcd8544__transmit__2" targetname: "__gnat_rcheck_CE_Invalid_Data" label: "C:\Users\Saos\Git\Ada2\Ada_Drivers_Library\components\src\screen\pcd8544\pcd8544.adb:93:70" }
edge: { sourcename: "pcd8544__transmit__2" targetname: "memcpy" }
edge: { sourcename: "pcd8544__transmit__2" targetname: "__gnat_raise_exception" label: "C:\Users\Saos\Git\Ada2\Ada_Drivers_Library\components\src\screen\pcd8544\pcd8544.adb:93:10" }
node: { title: "pcd8544__extended_mode" label: "EXTENDED_MODE\nC:\Users\Saos\Git\Ada2\Ada_Drivers_Library\components\src\screen\pcd8544\pcd8544.adb:101:4\n16 bytes (static)" }
edge: { sourcename: "pcd8544__extended_mode" targetname: "__gnat_rcheck_PE_Access_Before_Elaboration" label: "C:\Users\Saos\Git\Ada2\Ada_Drivers_Library\components\src\screen\pcd8544\pcd8544.adb:101:4" }
edge: { sourcename: "pcd8544__extended_mode" targetname: "pcd8544__transmit" label: "C:\Users\Saos\Git\Ada2\Ada_Drivers_Library\components\src\screen\pcd8544\pcd8544.adb:105:14" }
node: { title: "pcd8544__basic_mode" label: "BASIC_MODE\nC:\Users\Saos\Git\Ada2\Ada_Drivers_Library\components\src\screen\pcd8544\pcd8544.adb:113:4\n16 bytes (static)" }
edge: { sourcename: "pcd8544__basic_mode" targetname: "__gnat_rcheck_PE_Access_Before_Elaboration" label: "C:\Users\Saos\Git\Ada2\Ada_Drivers_Library\components\src\screen\pcd8544\pcd8544.adb:113:4" }
edge: { sourcename: "pcd8544__basic_mode" targetname: "pcd8544__transmit" label: "C:\Users\Saos\Git\Ada2\Ada_Drivers_Library\components\src\screen\pcd8544\pcd8544.adb:117:14" }
node: { title: "pcd8544__set_contrast" label: "SET_CONTRAST\nC:\Users\Saos\Git\Ada2\Ada_Drivers_Library\components\src\screen\pcd8544\pcd8544.adb:125:4\n16 bytes (static)" }
edge: { sourcename: "pcd8544__set_contrast" targetname: "__gnat_rcheck_PE_Access_Before_Elaboration" label: "C:\Users\Saos\Git\Ada2\Ada_Drivers_Library\components\src\screen\pcd8544\pcd8544.adb:125:4" }
edge: { sourcename: "pcd8544__set_contrast" targetname: "pcd8544__extended_mode" label: "C:\Users\Saos\Git\Ada2\Ada_Drivers_Library\components\src\screen\pcd8544\pcd8544.adb:129:11" }
edge: { sourcename: "pcd8544__set_contrast" targetname: "pcd8544__transmit" label: "C:\Users\Saos\Git\Ada2\Ada_Drivers_Library\components\src\screen\pcd8544\pcd8544.adb:130:11" }
node: { title: "pcd8544__set_bias" label: "SET_BIAS\nC:\Users\Saos\Git\Ada2\Ada_Drivers_Library\components\src\screen\pcd8544\pcd8544.adb:137:4\n16 bytes (static)" }
edge: { sourcename: "pcd8544__set_bias" targetname: "__gnat_rcheck_PE_Access_Before_Elaboration" label: "C:\Users\Saos\Git\Ada2\Ada_Drivers_Library\components\src\screen\pcd8544\pcd8544.adb:137:4" }
edge: { sourcename: "pcd8544__set_bias" targetname: "pcd8544__extended_mode" label: "C:\Users\Saos\Git\Ada2\Ada_Drivers_Library\components\src\screen\pcd8544\pcd8544.adb:141:11" }
edge: { sourcename: "pcd8544__set_bias" targetname: "pcd8544__transmit" label: "C:\Users\Saos\Git\Ada2\Ada_Drivers_Library\components\src\screen\pcd8544\pcd8544.adb:142:11" }
node: { title: "pcd8544__set_temperature" label: "SET_TEMPERATURE\nC:\Users\Saos\Git\Ada2\Ada_Drivers_Library\components\src\screen\pcd8544\pcd8544.adb:149:4\n16 bytes (static)" }
edge: { sourcename: "pcd8544__set_temperature" targetname: "__gnat_rcheck_PE_Access_Before_Elaboration" label: "C:\Users\Saos\Git\Ada2\Ada_Drivers_Library\components\src\screen\pcd8544\pcd8544.adb:149:4" }
edge: { sourcename: "pcd8544__set_temperature" targetname: "pcd8544__extended_mode" label: "C:\Users\Saos\Git\Ada2\Ada_Drivers_Library\components\src\screen\pcd8544\pcd8544.adb:153:11" }
edge: { sourcename: "pcd8544__set_temperature" targetname: "pcd8544__transmit" label: "C:\Users\Saos\Git\Ada2\Ada_Drivers_Library\components\src\screen\pcd8544\pcd8544.adb:154:11" }
node: { title: "pcd8544__set_display_mode" label: "SET_DISPLAY_MODE\nC:\Users\Saos\Git\Ada2\Ada_Drivers_Library\components\src\screen\pcd8544\pcd8544.adb:161:4\n16 bytes (static)" }
edge: { sourcename: "pcd8544__set_display_mode" targetname: "__gnat_rcheck_PE_Access_Before_Elaboration" label: "C:\Users\Saos\Git\Ada2\Ada_Drivers_Library\components\src\screen\pcd8544\pcd8544.adb:161:4" }
edge: { sourcename: "pcd8544__set_display_mode" targetname: "pcd8544__basic_mode" label: "C:\Users\Saos\Git\Ada2\Ada_Drivers_Library\components\src\screen\pcd8544\pcd8544.adb:166:11" }
edge: { sourcename: "pcd8544__set_display_mode" targetname: "pcd8544__transmit" label: "C:\Users\Saos\Git\Ada2\Ada_Drivers_Library\components\src\screen\pcd8544\pcd8544.adb:169:11" }
node: { title: "pcd8544__initialize" label: "INITIALIZE\nC:\Users\Saos\Git\Ada2\Ada_Drivers_Library\components\src\screen\pcd8544\pcd8544.adb:176:4\n24 bytes (static)" }
edge: { sourcename: "pcd8544__initialize" targetname: "__gnat_rcheck_PE_Access_Before_Elaboration" label: "C:\Users\Saos\Git\Ada2\Ada_Drivers_Library\components\src\screen\pcd8544\pcd8544.adb:176:4" }
edge: { sourcename: "pcd8544__initialize" targetname: "pcd8544_reg__pcd8544_function_registerIP" label: "C:\Users\Saos\Git\Ada2\Ada_Drivers_Library\components\src\screen\pcd8544\pcd8544.adb:177:7" }
edge: { sourcename: "pcd8544__initialize" targetname: "pcd8544_reg__pcd8544_display_registerIP" label: "C:\Users\Saos\Git\Ada2\Ada_Drivers_Library\components\src\screen\pcd8544\pcd8544.adb:178:7" }
edge: { sourcename: "pcd8544__initialize" targetname: "__indirect_call" label: "C:\Users\Saos\Git\Ada2\Ada_Drivers_Library\components\src\screen\pcd8544\pcd8544.adb:180:14" }
edge: { sourcename: "pcd8544__initialize" targetname: "pcd8544__reset" label: "C:\Users\Saos\Git\Ada2\Ada_Drivers_Library\components\src\screen\pcd8544\pcd8544.adb:181:11" }
edge: { sourcename: "pcd8544__initialize" targetname: "pcd8544__transmit" label: "C:\Users\Saos\Git\Ada2\Ada_Drivers_Library\components\src\screen\pcd8544\pcd8544.adb:188:11" }
edge: { sourcename: "pcd8544__initialize" targetname: "pcd8544__set_contrast" label: "C:\Users\Saos\Git\Ada2\Ada_Drivers_Library\components\src\screen\pcd8544\pcd8544.adb:190:11" }
edge: { sourcename: "pcd8544__initialize" targetname: "pcd8544__set_bias" label: "C:\Users\Saos\Git\Ada2\Ada_Drivers_Library\components\src\screen\pcd8544\pcd8544.adb:191:11" }
edge: { sourcename: "pcd8544__initialize" targetname: "pcd8544__set_temperature" label: "C:\Users\Saos\Git\Ada2\Ada_Drivers_Library\components\src\screen\pcd8544\pcd8544.adb:192:11" }
edge: { sourcename: "pcd8544__initialize" targetname: "pcd8544__transmit" label: "C:\Users\Saos\Git\Ada2\Ada_Drivers_Library\components\src\screen\pcd8544\pcd8544.adb:196:11" }
edge: { sourcename: "pcd8544__initialize" targetname: "pcd8544__set_display_mode" label: "C:\Users\Saos\Git\Ada2\Ada_Drivers_Library\components\src\screen\pcd8544\pcd8544.adb:198:11" }
node: { title: "pcd8544__write_raw_pixels" label: "WRITE_RAW_PIXELS\nC:\Users\Saos\Git\Ada2\Ada_Drivers_Library\components\src\screen\pcd8544\pcd8544.adb:209:4\n32 bytes (static)" }
edge: { sourcename: "pcd8544__write_raw_pixels" targetname: "__gnat_rcheck_PE_Access_Before_Elaboration" label: "C:\Users\Saos\Git\Ada2\Ada_Drivers_Library\components\src\screen\pcd8544\pcd8544.adb:209:4" }
edge: { sourcename: "pcd8544__write_raw_pixels" targetname: "pcd8544__chip_select" label: "C:\Users\Saos\Git\Ada2\Ada_Drivers_Library\components\src\screen\pcd8544\pcd8544.adb:214:11" }
edge: { sourcename: "pcd8544__write_raw_pixels" targetname: "pcd8544__basic_mode" label: "C:\Users\Saos\Git\Ada2\Ada_Drivers_Library\components\src\screen\pcd8544\pcd8544.adb:215:11" }
edge: { sourcename: "pcd8544__write_raw_pixels" targetname: "pcd8544__transmit" label: "C:\Users\Saos\Git\Ada2\Ada_Drivers_Library\components\src\screen\pcd8544\pcd8544.adb:216:11" }
edge: { sourcename: "pcd8544__write_raw_pixels" targetname: "pcd8544__transmit" label: "C:\Users\Saos\Git\Ada2\Ada_Drivers_Library\components\src\screen\pcd8544\pcd8544.adb:217:11" }
edge: { sourcename: "pcd8544__write_raw_pixels" targetname: "pcd8544__transmit__2" label: "C:\Users\Saos\Git\Ada2\Ada_Drivers_Library\components\src\screen\pcd8544\pcd8544.adb:218:11" }
edge: { sourcename: "pcd8544__write_raw_pixels" targetname: "pcd8544__chip_select" label: "C:\Users\Saos\Git\Ada2\Ada_Drivers_Library\components\src\screen\pcd8544\pcd8544.adb:219:11" }
node: { title: "pcd8544__initialized" label: "INITIALIZED\nC:\Users\Saos\Git\Ada2\Ada_Drivers_Library\components\src\screen\pcd8544\pcd8544.adb:226:15\n16 bytes (static)" }
node: { title: "pcd8544__max_layers" label: "MAX_LAYERS\nC:\Users\Saos\Git\Ada2\Ada_Drivers_Library\components\src\screen\pcd8544\pcd8544.adb:233:15\n16 bytes (static)" }
node: { title: "pcd8544__supported" label: "SUPPORTED\nC:\Users\Saos\Git\Ada2\Ada_Drivers_Library\components\src\screen\pcd8544\pcd8544.adb:240:15\n16 bytes (static)" }
node: { title: "pcd8544__set_orientation" label: "SET_ORIENTATION\nC:\Users\Saos\Git\Ada2\Ada_Drivers_Library\components\src\screen\pcd8544\pcd8544.adb:248:15\n16 bytes (static)" }
edge: { sourcename: "pcd8544__set_orientation" targetname: "__gnat_rcheck_PE_Access_Before_Elaboration" label: "C:\Users\Saos\Git\Ada2\Ada_Drivers_Library\components\src\screen\pcd8544\pcd8544.adb:248:15" }
node: { title: "pcd8544__set_mode" label: "SET_MODE\nC:\Users\Saos\Git\Ada2\Ada_Drivers_Library\components\src\screen\pcd8544\pcd8544.adb:259:15\n16 bytes (static)" }
edge: { sourcename: "pcd8544__set_mode" targetname: "__gnat_rcheck_PE_Access_Before_Elaboration" label: "C:\Users\Saos\Git\Ada2\Ada_Drivers_Library\components\src\screen\pcd8544\pcd8544.adb:259:15" }
node: { title: "pcd8544__width" label: "WIDTH\nC:\Users\Saos\Git\Ada2\Ada_Drivers_Library\components\src\screen\pcd8544\pcd8544.adb:266:15\n16 bytes (static)" }
node: { title: "pcd8544__height" label: "HEIGHT\nC:\Users\Saos\Git\Ada2\Ada_Drivers_Library\components\src\screen\pcd8544\pcd8544.adb:273:15\n16 bytes (static)" }
node: { title: "pcd8544__swapped" label: "SWAPPED\nC:\Users\Saos\Git\Ada2\Ada_Drivers_Library\components\src\screen\pcd8544\pcd8544.adb:280:15\n16 bytes (static)" }
node: { title: "pcd8544__set_background" label: "SET_BACKGROUND\nC:\Users\Saos\Git\Ada2\Ada_Drivers_Library\components\src\screen\pcd8544\pcd8544.adb:287:15\n16 bytes (static)" }
edge: { sourcename: "pcd8544__set_background" targetname: "__gnat_rcheck_PE_Access_Before_Elaboration" label: "C:\Users\Saos\Git\Ada2\Ada_Drivers_Library\components\src\screen\pcd8544\pcd8544.adb:287:15" }
node: { title: "__gnat_rcheck_PE_Explicit_Raise" label: "gnat_rcheck_PE_Explicit_Raise\n<built-in>" shape : ellipse }
edge: { sourcename: "pcd8544__set_background" targetname: "__gnat_rcheck_PE_Explicit_Raise" label: "C:\Users\Saos\Git\Ada2\Ada_Drivers_Library\components\src\screen\pcd8544\pcd8544.adb:290:7" }
node: { title: "pcd8544__initialize_layer" label: "INITIALIZE_LAYER\nC:\Users\Saos\Git\Ada2\Ada_Drivers_Library\components\src\screen\pcd8544\pcd8544.adb:297:15\n32 bytes (static)" }
edge: { sourcename: "pcd8544__initialize_layer" targetname: "__gnat_rcheck_PE_Access_Before_Elaboration" label: "C:\Users\Saos\Git\Ada2\Ada_Drivers_Library\components\src\screen\pcd8544\pcd8544.adb:297:15" }
edge: { sourcename: "pcd8544__initialize_layer" targetname: "__gnat_rcheck_PE_Explicit_Raise" label: "C:\Users\Saos\Git\Ada2\Ada_Drivers_Library\components\src\screen\pcd8544\pcd8544.adb:308:10" }
edge: { sourcename: "pcd8544__initialize_layer" targetname: "pcd8544__width" label: "C:\Users\Saos\Git\Ada2\Ada_Drivers_Library\components\src\screen\pcd8544\pcd8544.adb:310:50" }
edge: { sourcename: "pcd8544__initialize_layer" targetname: "pcd8544__height" label: "C:\Users\Saos\Git\Ada2\Ada_Drivers_Library\components\src\screen\pcd8544\pcd8544.adb:311:50" }
node: { title: "pcd8544__initialized__2" label: "INITIALIZED\nC:\Users\Saos\Git\Ada2\Ada_Drivers_Library\components\src\screen\pcd8544\pcd8544.adb:325:15\n16 bytes (static)" }
edge: { sourcename: "pcd8544__initialized__2" targetname: "__gnat_rcheck_PE_Access_Before_Elaboration" label: "C:\Users\Saos\Git\Ada2\Ada_Drivers_Library\components\src\screen\pcd8544\pcd8544.adb:325:15" }
node: { title: "pcd8544__update_layer" label: "UPDATE_LAYER\nC:\Users\Saos\Git\Ada2\Ada_Drivers_Library\components\src\screen\pcd8544\pcd8544.adb:337:15\n32 bytes (static)" }
edge: { sourcename: "pcd8544__update_layer" targetname: "__gnat_rcheck_PE_Access_Before_Elaboration" label: "C:\Users\Saos\Git\Ada2\Ada_Drivers_Library\components\src\screen\pcd8544\pcd8544.adb:337:15" }
edge: { sourcename: "pcd8544__update_layer" targetname: "__gnat_rcheck_PE_Explicit_Raise" label: "C:\Users\Saos\Git\Ada2\Ada_Drivers_Library\components\src\screen\pcd8544\pcd8544.adb:345:10" }
edge: { sourcename: "pcd8544__update_layer" targetname: "pcd8544__write_raw_pixels" label: "C:\Users\Saos\Git\Ada2\Ada_Drivers_Library\components\src\screen\pcd8544\pcd8544.adb:348:11" }
node: { title: "pcd8544__color_mode" label: "COLOR_MODE\nC:\Users\Saos\Git\Ada2\Ada_Drivers_Library\components\src\screen\pcd8544\pcd8544.adb:355:15\n16 bytes (static)" }
edge: { sourcename: "pcd8544__color_mode" targetname: "__gnat_rcheck_PE_Access_Before_Elaboration" label: "C:\Users\Saos\Git\Ada2\Ada_Drivers_Library\components\src\screen\pcd8544\pcd8544.adb:355:15" }
edge: { sourcename: "pcd8544__color_mode" targetname: "__gnat_rcheck_PE_Explicit_Raise" label: "C:\Users\Saos\Git\Ada2\Ada_Drivers_Library\components\src\screen\pcd8544\pcd8544.adb:361:10" }
node: { title: "pcd8544__hidden_buffer" label: "HIDDEN_BUFFER\nC:\Users\Saos\Git\Ada2\Ada_Drivers_Library\components\src\screen\pcd8544\pcd8544.adb:370:15\n16 bytes (static)" }
edge: { sourcename: "pcd8544__hidden_buffer" targetname: "__gnat_rcheck_PE_Access_Before_Elaboration" label: "C:\Users\Saos\Git\Ada2\Ada_Drivers_Library\components\src\screen\pcd8544\pcd8544.adb:370:15" }
edge: { sourcename: "pcd8544__hidden_buffer" targetname: "__gnat_rcheck_PE_Explicit_Raise" label: "C:\Users\Saos\Git\Ada2\Ada_Drivers_Library\components\src\screen\pcd8544\pcd8544.adb:376:10" }
node: { title: "pcd8544__update_layers" label: "UPDATE_LAYERS\nC:\Users\Saos\Git\Ada2\Ada_Drivers_Library\components\src\screen\pcd8544\pcd8544.adb:385:15\n16 bytes (static)" }
edge: { sourcename: "pcd8544__update_layers" targetname: "__gnat_rcheck_PE_Access_Before_Elaboration" label: "C:\Users\Saos\Git\Ada2\Ada_Drivers_Library\components\src\screen\pcd8544\pcd8544.adb:385:15" }
edge: { sourcename: "pcd8544__update_layers" targetname: "pcd8544__update_layer" label: "C:\Users\Saos\Git\Ada2\Ada_Drivers_Library\components\src\screen\pcd8544\pcd8544.adb:387:11" }
node: { title: "pcd8544__pixel_size" label: "PIXEL_SIZE\nC:\Users\Saos\Git\Ada2\Ada_Drivers_Library\components\src\screen\pcd8544\pcd8544.adb:394:15\n16 bytes (static)" }
node: { title: "pcd8544___elabb" label: "PCD8544\nC:\Users\Saos\Git\Ada2\Ada_Drivers_Library\components\src\screen\pcd8544\pcd8544.adb:32:1\n4 bytes (static)" }
node: { title: "pcd8544___elabs" label: "PCD8544\nC:\Users\Saos\Git\Ada2\Ada_Drivers_Library\components\src\screen\pcd8544\pcd8544.ads:60:1\n8 bytes (static)" }
node: { title: "system__finalization_masters__finalization_masterIP" label: "Finalization_Masterip\nC:\users\saos\appdata\local\alire\cache\toolchains\gnat_arm_elf_14.1.3_184f9b28\arm-eabi\lib\gnat\embedded-nrf52833\gnat\s-finmas.ads:151:9" shape : ellipse }
edge: { sourcename: "pcd8544___elabs" targetname: "system__finalization_masters__finalization_masterIP" label: "C:\Users\Saos\Git\Ada2\Ada_Drivers_Library\components\src\screen\pcd8544\pcd8544.ads:68:9" }
node: { title: "system__finalization_masters__initialize__2" label: "Initialize\nC:\users\saos\appdata\local\alire\cache\toolchains\gnat_arm_elf_14.1.3_184f9b28\arm-eabi\lib\gnat\embedded-nrf52833\gnat\s-finmas.ads:188:25" shape : ellipse }
edge: { sourcename: "pcd8544___elabs" targetname: "system__finalization_masters__initialize__2" label: "C:\Users\Saos\Git\Ada2\Ada_Drivers_Library\components\src\screen\pcd8544\pcd8544.ads:68:9" }
node: { title: "system__finalization_masters__set_base_pool" label: "Set_Base_Pool\nC:\users\saos\appdata\local\alire\cache\toolchains\gnat_arm_elf_14.1.3_184f9b28\arm-eabi\lib\gnat\embedded-nrf52833\gnat\s-finmas.ads:191:14" shape : ellipse }
edge: { sourcename: "pcd8544___elabs" targetname: "system__finalization_masters__set_base_pool" label: "C:\Users\Saos\Git\Ada2\Ada_Drivers_Library\components\src\screen\pcd8544\pcd8544.ads:68:9" }
node: { title: "system__finalization_masters__set_finalize_address" label: "Set_Finalize_Address\nC:\users\saos\appdata\local\alire\cache\toolchains\gnat_arm_elf_14.1.3_184f9b28\arm-eabi\lib\gnat\embedded-nrf52833\gnat\s-finmas.ads:116:14" shape : ellipse }
edge: { sourcename: "pcd8544___elabs" targetname: "system__finalization_masters__set_finalize_address" label: "C:\Users\Saos\Git\Ada2\Ada_Drivers_Library\components\src\screen\pcd8544\pcd8544.ads:68:9" }
node: { title: "ada__tags__check_tsd" label: "Check_Tsd\nC:\users\saos\appdata\local\alire\cache\toolchains\gnat_arm_elf_14.1.3_184f9b28\arm-eabi\lib\gnat\embedded-nrf52833\gnat\a-tags.ads:466:14" shape : ellipse }
edge: { sourcename: "pcd8544___elabs" targetname: "ada__tags__check_tsd" label: "C:\Users\Saos\Git\Ada2\Ada_Drivers_Library\components\src\screen\pcd8544\pcd8544.ads:196:9" }
node: { title: "ada__tags__register_tag" label: "Register_Tag\nC:\users\saos\appdata\local\alire\cache\toolchains\gnat_arm_elf_14.1.3_184f9b28\arm-eabi\lib\gnat\embedded-nrf52833\gnat\a-tags.ads:553:14" shape : ellipse }
edge: { sourcename: "pcd8544___elabs" targetname: "ada__tags__register_tag" label: "C:\Users\Saos\Git\Ada2\Ada_Drivers_Library\components\src\screen\pcd8544\pcd8544.ads:196:9" }
edge: { sourcename: "pcd8544___elabs" targetname: "ada__tags__check_tsd" label: "C:\Users\Saos\Git\Ada2\Ada_Drivers_Library\components\src\screen\pcd8544\pcd8544.ads:191:9" }
edge: { sourcename: "pcd8544___elabs" targetname: "ada__tags__register_tag" label: "C:\Users\Saos\Git\Ada2\Ada_Drivers_Library\components\src\screen\pcd8544\pcd8544.ads:191:9" }
}
