graph: { title: "C:\Users\Saos\Git\Ada2\Ada_Drivers_Library\components\src\screen\ST7735R\st7735r-ram_framebuffer.adb"
edge: { sourcename: "st7735r__ram_framebuffer__st7735r_ram_framebuffer_screenPI__2"
  targetname: "4:ada__strings__text_buffers__root_buffer_type,ada__strings__text_buffers__root_buffer_type"
  label: "st7735r-ram_framebuffer.ads:93:9"
}
edge: { sourcename: "st7735r__ram_framebuffer__st7735r_ram_framebuffer_screenPI__2"
  targetname: "4:ada__strings__text_buffers__root_buffer_type,ada__strings__text_buffers__root_buffer_type"
  label: "st7735r-ram_framebuffer.ads:93:9"
}
edge: { sourcename: "st7735r__ram_framebuffer__st7735r_ram_framebuffer_screenPI__2"
  targetname: "4:ada__strings__text_buffers__root_buffer_type,ada__strings__text_buffers__root_buffer_type"
  label: "st7735r-ram_framebuffer.ads:93:9"
}
edge: { sourcename: "st7735r__ram_framebuffer__st7735r_ram_framebuffer_screenPI__2"
  targetname: "4:ada__strings__text_buffers__root_buffer_type,ada__strings__text_buffers__root_buffer_type"
  label: "st7735r-ram_framebuffer.ads:93:9"
}
edge: { sourcename: "st7735r__ram_framebuffer__st7735r_ram_framebuffer_screenPI__2"
  targetname: "4:ada__strings__text_buffers__root_buffer_type,ada__strings__text_buffers__root_buffer_type"
  label: "st7735r-ram_framebuffer.ads:93:9"
}
edge: { sourcename: "st7735r__ram_framebuffer__st7735r_ram_framebuffer_screenPI__2"
  targetname: "4:ada__strings__text_buffers__root_buffer_type,ada__strings__text_buffers__root_buffer_type"
  label: "st7735r-ram_framebuffer.ads:93:9"
}
edge: { sourcename: "st7735r__ram_framebuffer__st7735r_ram_framebuffer_screenPI__2"
  targetname: "3:ada__strings__text_buffers__root_buffer_type,ada__strings__text_buffers__root_buffer_type"
  label: "st7735r-ram_framebuffer.ads:93:9"
}
edge: { sourcename: "st7735r__ram_framebuffer__st7735r_ram_framebuffer_screenPI__2"
  targetname: "4:ada__strings__text_buffers__root_buffer_type,ada__strings__text_buffers__root_buffer_type"
  label: "st7735r-ram_framebuffer.ads:93:9"
}
edge: { sourcename: "st7735r__ram_framebuffer__st7735r_ram_framebuffer_screenPI__2"
  targetname: "4:ada__strings__text_buffers__root_buffer_type,ada__strings__text_buffers__root_buffer_type"
  label: "st7735r-ram_framebuffer.ads:93:9"
}
edge: { sourcename: "st7735r__ram_framebuffer__st7735r_ram_framebuffer_screenPI__2"
  targetname: "4:ada__strings__text_buffers__root_buffer_type,ada__strings__text_buffers__root_buffer_type"
  label: "st7735r-ram_framebuffer.ads:93:9"
}
edge: { sourcename: "st7735r__ram_framebuffer__st7735r_ram_framebuffer_screenPI__2"
  targetname: "4:ada__strings__text_buffers__root_buffer_type,ada__strings__text_buffers__root_buffer_type"
  label: "st7735r-ram_framebuffer.ads:93:9"
}
edge: { sourcename: "st7735r__ram_framebuffer__st7735r_ram_framebuffer_screenPI__2"
  targetname: "3:ada__strings__text_buffers__root_buffer_type,ada__strings__text_buffers__root_buffer_type"
  label: "st7735r-ram_framebuffer.ads:93:9"
}
edge: { sourcename: "st7735r__ram_framebuffer__Tst7735r_ram_framebuffer_screenCFD"
  targetname: "-9:st7735r__ram_framebuffer__st7735r_ram_framebuffer_screen,st7735r__ram_framebuffer__st7735r_ram_framebuffer_screen"
  label: "st7735r-ram_framebuffer.ads:43:9"
}
class {
  classname: "st7735r__ram_framebuffer__st7735r_ram_framebuffer_screen"
  label: "st7735r__ram_framebuffer__st7735r_ram_framebuffer_screen\st7735r-ram_framebuffer.ads:43:9"
  parent: "st7735r__st7735r_screen"
  virtuals: "10:st7735r__ram_framebuffer__initialize_layer,10:st7735r__st7735r_screen\n
             11:st7735r__ram_framebuffer__initialized__2,11:st7735r__st7735r_screen\n
             12:st7735r__ram_framebuffer__update_layer,12:st7735r__st7735r_screen\n
             13:st7735r__ram_framebuffer__update_layers,13:st7735r__st7735r_screen\n
             15:st7735r__ram_framebuffer__hidden_buffer,15:st7735r__st7735r_screen\n
             -1:st7735r__ram_framebuffer___size__2,-1:st7735r__st7735r_screen\n
             -10:st7735r__ram_framebuffer__st7735r_ram_framebuffer_screenPI__2,-10:st7735r__st7735r_screen\n
             -9:st7735r__ram_framebuffer__st7735r_ram_framebuffer_screenDF__2,-9:st7735r__st7735r_screen"
}
node: { title: "st7735r__ram_framebuffer__st7735r_ram_framebuffer_screenIP" label: "st7735r_ram_framebuffer_screenIP\n<built-in>\n40 bytes (static)" }
node: { title: "st7735r__st7735r_screenIP" label: "ST7735R_SCREENIP\nC:\Users\Saos\Git\Ada2\Ada_Drivers_Library\components\src\screen\ST7735R\st7735r.ads:373:9" shape : ellipse }
edge: { sourcename: "st7735r__ram_framebuffer__st7735r_ram_framebuffer_screenIP" targetname: "st7735r__st7735r_screenIP" label: "C:\Users\Saos\Git\Ada2\Ada_Drivers_Library\components\src\screen\ST7735R\st7735r-ram_framebuffer.ads:99:15" }
node: { title: "memory_mapped_bitmap__memory_mapped_bitmap_bufferIP" label: "Memory_Mapped_Bitmap_Bufferip\nC:\Users\Saos\Git\Ada2\Ada_Drivers_Library\middleware\src\bitmap\memory_mapped_bitmap.ads:41:9" shape : ellipse }
edge: { sourcename: "st7735r__ram_framebuffer__st7735r_ram_framebuffer_screenIP" targetname: "memory_mapped_bitmap__memory_mapped_bitmap_bufferIP" label: "C:\Users\Saos\Git\Ada2\Ada_Drivers_Library\components\src\screen\ST7735R\st7735r-ram_framebuffer.ads:100:7" }
node: { title: "st7735r__ram_framebuffer___size__2" label: "ram_framebuffer\n<built-in>\n16 bytes (static)" }
node: { title: "C:\Users\Saos\Git\Ada2\Ada_Drivers_Library\components\src\screen\ST7735R\st7735r-ram_framebuffer.adb:st7735r__ram_framebuffer__st7735r_ram_framebuffer_screenPI__uint16_array_66PI__2.0" label: "uint16_array_66PI\n<built-in>\n48 bytes (static)" }
node: { title: "system__put_images__array_before" label: "Array_Before\nC:\users\saos\appdata\local\alire\cache\toolchains\gnat_arm_elf_14.1.3_184f9b28\arm-eabi\lib\gnat\embedded-nrf52833\gnat\s-putima.ads:102:14" shape : ellipse }
edge: { sourcename: "C:\Users\Saos\Git\Ada2\Ada_Drivers_Library\components\src\screen\ST7735R\st7735r-ram_framebuffer.adb:st7735r__ram_framebuffer__st7735r_ram_framebuffer_screenPI__uint16_array_66PI__2.0" targetname: "system__put_images__array_before" label: "C:\Users\Saos\Git\Ada2\Ada_Drivers_Library\components\src\screen\ST7735R\st7735r-ram_framebuffer.ads:93:9" }
node: { title: "system__put_images__put_image_unsigned" label: "Put_Image_Unsigned\nC:\users\saos\appdata\local\alire\cache\toolchains\gnat_arm_elf_14.1.3_184f9b28\arm-eabi\lib\gnat\embedded-nrf52833\gnat\s-putima.ads:65:14" shape : ellipse }
edge: { sourcename: "C:\Users\Saos\Git\Ada2\Ada_Drivers_Library\components\src\screen\ST7735R\st7735r-ram_framebuffer.adb:st7735r__ram_framebuffer__st7735r_ram_framebuffer_screenPI__uint16_array_66PI__2.0" targetname: "system__put_images__put_image_unsigned" label: "C:\Users\Saos\Git\Ada2\Ada_Drivers_Library\components\src\screen\ST7735R\st7735r-ram_framebuffer.ads:93:9" }
node: { title: "system__put_images__simple_array_between" label: "Simple_Array_Between\nC:\users\saos\appdata\local\alire\cache\toolchains\gnat_arm_elf_14.1.3_184f9b28\arm-eabi\lib\gnat\embedded-nrf52833\gnat\s-putima.ads:106:14" shape : ellipse }
edge: { sourcename: "C:\Users\Saos\Git\Ada2\Ada_Drivers_Library\components\src\screen\ST7735R\st7735r-ram_framebuffer.adb:st7735r__ram_framebuffer__st7735r_ram_framebuffer_screenPI__uint16_array_66PI__2.0" targetname: "system__put_images__simple_array_between" label: "C:\Users\Saos\Git\Ada2\Ada_Drivers_Library\components\src\screen\ST7735R\st7735r-ram_framebuffer.ads:93:9" }
node: { title: "system__put_images__array_after" label: "Array_After\nC:\users\saos\appdata\local\alire\cache\toolchains\gnat_arm_elf_14.1.3_184f9b28\arm-eabi\lib\gnat\embedded-nrf52833\gnat\s-putima.ads:104:14" shape : ellipse }
edge: { sourcename: "C:\Users\Saos\Git\Ada2\Ada_Drivers_Library\components\src\screen\ST7735R\st7735r-ram_framebuffer.adb:st7735r__ram_framebuffer__st7735r_ram_framebuffer_screenPI__uint16_array_66PI__2.0" targetname: "system__put_images__array_after" label: "C:\Users\Saos\Git\Ada2\Ada_Drivers_Library\components\src\screen\ST7735R\st7735r-ram_framebuffer.ads:93:9" }
node: { title: "st7735r__ram_framebuffer__st7735r_ram_framebuffer_screenPI__2" label: "st7735r_ram_framebuffer_screenPI\n<built-in>\n272 bytes (static)" }
node: { title: "system__put_images__record_before" label: "Record_Before\nC:\users\saos\appdata\local\alire\cache\toolchains\gnat_arm_elf_14.1.3_184f9b28\arm-eabi\lib\gnat\embedded-nrf52833\gnat\s-putima.ads:110:14" shape : ellipse }
edge: { sourcename: "st7735r__ram_framebuffer__st7735r_ram_framebuffer_screenPI__2" targetname: "system__put_images__record_before" label: "C:\Users\Saos\Git\Ada2\Ada_Drivers_Library\components\src\screen\ST7735R\st7735r-ram_framebuffer.ads:93:9" }
node: { title: "__indirect_call" label: "Indirect Call Placeholder" shape : ellipse }
edge: { sourcename: "st7735r__ram_framebuffer__st7735r_ram_framebuffer_screenPI__2" targetname: "__indirect_call" label: "C:\Users\Saos\Git\Ada2\Ada_Drivers_Library\components\src\screen\ST7735R\st7735r-ram_framebuffer.ads:93:9" }
node: { title: "system__put_images__record_between" label: "Record_Between\nC:\users\saos\appdata\local\alire\cache\toolchains\gnat_arm_elf_14.1.3_184f9b28\arm-eabi\lib\gnat\embedded-nrf52833\gnat\s-putima.ads:111:14" shape : ellipse }
edge: { sourcename: "st7735r__ram_framebuffer__st7735r_ram_framebuffer_screenPI__2" targetname: "system__put_images__record_between" label: "C:\Users\Saos\Git\Ada2\Ada_Drivers_Library\components\src\screen\ST7735R\st7735r-ram_framebuffer.ads:93:9" }
edge: { sourcename: "st7735r__ram_framebuffer__st7735r_ram_framebuffer_screenPI__2" targetname: "__indirect_call" label: "C:\Users\Saos\Git\Ada2\Ada_Drivers_Library\components\src\screen\ST7735R\st7735r-ram_framebuffer.ads:93:9" }
edge: { sourcename: "st7735r__ram_framebuffer__st7735r_ram_framebuffer_screenPI__2" targetname: "system__put_images__record_between" label: "C:\Users\Saos\Git\Ada2\Ada_Drivers_Library\components\src\screen\ST7735R\st7735r-ram_framebuffer.ads:93:9" }
edge: { sourcename: "st7735r__ram_framebuffer__st7735r_ram_framebuffer_screenPI__2" targetname: "__indirect_call" label: "C:\Users\Saos\Git\Ada2\Ada_Drivers_Library\components\src\screen\ST7735R\st7735r-ram_framebuffer.ads:93:9" }
edge: { sourcename: "st7735r__ram_framebuffer__st7735r_ram_framebuffer_screenPI__2" targetname: "system__put_images__record_between" label: "C:\Users\Saos\Git\Ada2\Ada_Drivers_Library\components\src\screen\ST7735R\st7735r-ram_framebuffer.ads:93:9" }
edge: { sourcename: "st7735r__ram_framebuffer__st7735r_ram_framebuffer_screenPI__2" targetname: "__indirect_call" label: "C:\Users\Saos\Git\Ada2\Ada_Drivers_Library\components\src\screen\ST7735R\st7735r-ram_framebuffer.ads:93:9" }
edge: { sourcename: "st7735r__ram_framebuffer__st7735r_ram_framebuffer_screenPI__2" targetname: "system__put_images__record_between" label: "C:\Users\Saos\Git\Ada2\Ada_Drivers_Library\components\src\screen\ST7735R\st7735r-ram_framebuffer.ads:93:9" }
edge: { sourcename: "st7735r__ram_framebuffer__st7735r_ram_framebuffer_screenPI__2" targetname: "__indirect_call" label: "C:\Users\Saos\Git\Ada2\Ada_Drivers_Library\components\src\screen\ST7735R\st7735r-ram_framebuffer.ads:93:9" }
edge: { sourcename: "st7735r__ram_framebuffer__st7735r_ram_framebuffer_screenPI__2" targetname: "system__put_images__record_between" label: "C:\Users\Saos\Git\Ada2\Ada_Drivers_Library\components\src\screen\ST7735R\st7735r-ram_framebuffer.ads:93:9" }
edge: { sourcename: "st7735r__ram_framebuffer__st7735r_ram_framebuffer_screenPI__2" targetname: "__indirect_call" label: "C:\Users\Saos\Git\Ada2\Ada_Drivers_Library\components\src\screen\ST7735R\st7735r-ram_framebuffer.ads:93:9" }
node: { title: "system__wch_stw__string_to_wide_wide_string" label: "String_To_Wide_Wide_String\nC:\users\saos\appdata\local\alire\cache\toolchains\gnat_arm_elf_14.1.3_184f9b28\arm-eabi\lib\gnat\embedded-nrf52833\gnat\s-wchstw.ads:62:14" shape : ellipse }
edge: { sourcename: "st7735r__ram_framebuffer__st7735r_ram_framebuffer_screenPI__2" targetname: "system__wch_stw__string_to_wide_wide_string" label: "C:\Users\Saos\Git\Ada2\Ada_Drivers_Library\components\src\screen\ST7735R\st7735r-ram_framebuffer.ads:93:9" }
edge: { sourcename: "st7735r__ram_framebuffer__st7735r_ram_framebuffer_screenPI__2" targetname: "__indirect_call" label: "C:\Users\Saos\Git\Ada2\Ada_Drivers_Library\components\src\screen\ST7735R\st7735r-ram_framebuffer.ads:93:9" }
edge: { sourcename: "st7735r__ram_framebuffer__st7735r_ram_framebuffer_screenPI__2" targetname: "system__put_images__record_between" label: "C:\Users\Saos\Git\Ada2\Ada_Drivers_Library\components\src\screen\ST7735R\st7735r-ram_framebuffer.ads:93:9" }
edge: { sourcename: "st7735r__ram_framebuffer__st7735r_ram_framebuffer_screenPI__2" targetname: "__indirect_call" label: "C:\Users\Saos\Git\Ada2\Ada_Drivers_Library\components\src\screen\ST7735R\st7735r-ram_framebuffer.ads:93:9" }
node: { title: "st7735r__st7735r_bitmap_bufferPI__2" label: "ST7735R_BITMAP_BUFFERPI\nC:\Users\Saos\Git\Ada2\Ada_Drivers_Library\components\src\screen\ST7735R\st7735r.ads:282:9" shape : ellipse }
edge: { sourcename: "st7735r__ram_framebuffer__st7735r_ram_framebuffer_screenPI__2" targetname: "st7735r__st7735r_bitmap_bufferPI__2" label: "C:\Users\Saos\Git\Ada2\Ada_Drivers_Library\components\src\screen\ST7735R\st7735r-ram_framebuffer.ads:93:9" }
edge: { sourcename: "st7735r__ram_framebuffer__st7735r_ram_framebuffer_screenPI__2" targetname: "system__put_images__record_between" label: "C:\Users\Saos\Git\Ada2\Ada_Drivers_Library\components\src\screen\ST7735R\st7735r-ram_framebuffer.ads:93:9" }
edge: { sourcename: "st7735r__ram_framebuffer__st7735r_ram_framebuffer_screenPI__2" targetname: "__indirect_call" label: "C:\Users\Saos\Git\Ada2\Ada_Drivers_Library\components\src\screen\ST7735R\st7735r-ram_framebuffer.ads:93:9" }
node: { title: "memory_mapped_bitmap__memory_mapped_bitmap_bufferPI" label: "Memory_Mapped_Bitmap_Bufferpi\nC:\Users\Saos\Git\Ada2\Ada_Drivers_Library\middleware\src\bitmap\memory_mapped_bitmap.ads:41:9" shape : ellipse }
edge: { sourcename: "st7735r__ram_framebuffer__st7735r_ram_framebuffer_screenPI__2" targetname: "memory_mapped_bitmap__memory_mapped_bitmap_bufferPI" label: "C:\Users\Saos\Git\Ada2\Ada_Drivers_Library\components\src\screen\ST7735R\st7735r-ram_framebuffer.ads:93:9" }
edge: { sourcename: "st7735r__ram_framebuffer__st7735r_ram_framebuffer_screenPI__2" targetname: "system__put_images__record_between" label: "C:\Users\Saos\Git\Ada2\Ada_Drivers_Library\components\src\screen\ST7735R\st7735r-ram_framebuffer.ads:93:9" }
edge: { sourcename: "st7735r__ram_framebuffer__st7735r_ram_framebuffer_screenPI__2" targetname: "__indirect_call" label: "C:\Users\Saos\Git\Ada2\Ada_Drivers_Library\components\src\screen\ST7735R\st7735r-ram_framebuffer.ads:93:9" }
edge: { sourcename: "st7735r__ram_framebuffer__st7735r_ram_framebuffer_screenPI__2" targetname: "C:\Users\Saos\Git\Ada2\Ada_Drivers_Library\components\src\screen\ST7735R\st7735r-ram_framebuffer.adb:st7735r__ram_framebuffer__st7735r_ram_framebuffer_screenPI__uint16_array_66PI__2.0" label: "C:\Users\Saos\Git\Ada2\Ada_Drivers_Library\components\src\screen\ST7735R\st7735r-ram_framebuffer.ads:93:9" }
edge: { sourcename: "st7735r__ram_framebuffer__st7735r_ram_framebuffer_screenPI__2" targetname: "system__put_images__record_between" label: "C:\Users\Saos\Git\Ada2\Ada_Drivers_Library\components\src\screen\ST7735R\st7735r-ram_framebuffer.ads:93:9" }
edge: { sourcename: "st7735r__ram_framebuffer__st7735r_ram_framebuffer_screenPI__2" targetname: "__indirect_call" label: "C:\Users\Saos\Git\Ada2\Ada_Drivers_Library\components\src\screen\ST7735R\st7735r-ram_framebuffer.ads:93:9" }
edge: { sourcename: "st7735r__ram_framebuffer__st7735r_ram_framebuffer_screenPI__2" targetname: "system__wch_stw__string_to_wide_wide_string" label: "C:\Users\Saos\Git\Ada2\Ada_Drivers_Library\components\src\screen\ST7735R\st7735r-ram_framebuffer.ads:93:9" }
edge: { sourcename: "st7735r__ram_framebuffer__st7735r_ram_framebuffer_screenPI__2" targetname: "__indirect_call" label: "C:\Users\Saos\Git\Ada2\Ada_Drivers_Library\components\src\screen\ST7735R\st7735r-ram_framebuffer.ads:93:9" }
node: { title: "system__put_images__record_after" label: "Record_After\nC:\users\saos\appdata\local\alire\cache\toolchains\gnat_arm_elf_14.1.3_184f9b28\arm-eabi\lib\gnat\embedded-nrf52833\gnat\s-putima.ads:112:14" shape : ellipse }
edge: { sourcename: "st7735r__ram_framebuffer__st7735r_ram_framebuffer_screenPI__2" targetname: "system__put_images__record_after" label: "C:\Users\Saos\Git\Ada2\Ada_Drivers_Library\components\src\screen\ST7735R\st7735r-ram_framebuffer.ads:93:9" }
node: { title: "st7735r__ram_framebuffer__st7735r_ram_framebuffer_screenDF__2" label: "st7735r_ram_framebuffer_screenDF\n<built-in>\n16 bytes (static)" }
node: { title: "st7735r__ram_framebuffer__Tst7735r_ram_framebuffer_screenCFD" label: "Tst7735r_ram_framebuffer_screenCFD\n<built-in>\n16 bytes (static)" }
edge: { sourcename: "st7735r__ram_framebuffer__Tst7735r_ram_framebuffer_screenCFD" targetname: "__indirect_call" label: "C:\Users\Saos\Git\Ada2\Ada_Drivers_Library\components\src\screen\ST7735R\st7735r-ram_framebuffer.ads:43:9" }
node: { title: "st7735r__ram_framebuffer__finalize_spec" label: "finalize_spec\n<built-in>\n8 bytes (static)" }
node: { title: "ada__tags__unregister_tag" label: "Unregister_Tag\nC:\users\saos\appdata\local\alire\cache\toolchains\gnat_arm_elf_14.1.3_184f9b28\arm-eabi\lib\gnat\embedded-nrf52833\gnat\a-tags.ads:589:14" shape : ellipse }
edge: { sourcename: "st7735r__ram_framebuffer__finalize_spec" targetname: "ada__tags__unregister_tag" label: "C:\Users\Saos\Git\Ada2\Ada_Drivers_Library\components\src\screen\ST7735R\st7735r-ram_framebuffer.ads:39:1" }
node: { title: "st7735r__ram_framebuffer__initialize_layer" label: "INITIALIZE_LAYER\nC:\Users\Saos\Git\Ada2\Ada_Drivers_Library\components\src\screen\ST7735R\st7735r-ram_framebuffer.adb:39:4\n24 bytes (static)" }
node: { title: "__gnat_rcheck_PE_Access_Before_Elaboration" label: "gnat_rcheck_PE_Access_Before_Elaboration\n<built-in>" shape : ellipse }
edge: { sourcename: "st7735r__ram_framebuffer__initialize_layer" targetname: "__gnat_rcheck_PE_Access_Before_Elaboration" label: "C:\Users\Saos\Git\Ada2\Ada_Drivers_Library\components\src\screen\ST7735R\st7735r-ram_framebuffer.adb:39:4" }
node: { title: "__gnat_rcheck_PE_Explicit_Raise" label: "gnat_rcheck_PE_Explicit_Raise\n<built-in>" shape : ellipse }
edge: { sourcename: "st7735r__ram_framebuffer__initialize_layer" targetname: "__gnat_rcheck_PE_Explicit_Raise" label: "C:\Users\Saos\Git\Ada2\Ada_Drivers_Library\components\src\screen\ST7735R\st7735r-ram_framebuffer.adb:51:10" }
node: { title: "st7735r__ram_framebuffer__initialized__2" label: "INITIALIZED\nC:\Users\Saos\Git\Ada2\Ada_Drivers_Library\components\src\screen\ST7735R\st7735r-ram_framebuffer.adb:66:4\n16 bytes (static)" }
edge: { sourcename: "st7735r__ram_framebuffer__initialized__2" targetname: "__gnat_rcheck_PE_Access_Before_Elaboration" label: "C:\Users\Saos\Git\Ada2\Ada_Drivers_Library\components\src\screen\ST7735R\st7735r-ram_framebuffer.adb:66:4" }
node: { title: "st7735r__ram_framebuffer__update_layer" label: "UPDATE_LAYER\nC:\Users\Saos\Git\Ada2\Ada_Drivers_Library\components\src\screen\ST7735R\st7735r-ram_framebuffer.adb:79:4\n40 bytes (static)" }
edge: { sourcename: "st7735r__ram_framebuffer__update_layer" targetname: "__gnat_rcheck_PE_Access_Before_Elaboration" label: "C:\Users\Saos\Git\Ada2\Ada_Drivers_Library\components\src\screen\ST7735R\st7735r-ram_framebuffer.adb:79:4" }
edge: { sourcename: "st7735r__ram_framebuffer__update_layer" targetname: "__gnat_rcheck_PE_Explicit_Raise" label: "C:\Users\Saos\Git\Ada2\Ada_Drivers_Library\components\src\screen\ST7735R\st7735r-ram_framebuffer.adb:87:10" }
node: { title: "__gnat_rcheck_CE_Range_Check" label: "gnat_rcheck_CE_Range_Check\n<built-in>" shape : ellipse }
edge: { sourcename: "st7735r__ram_framebuffer__update_layer" targetname: "__gnat_rcheck_CE_Range_Check" label: "C:\Users\Saos\Git\Ada2\Ada_Drivers_Library\components\src\screen\ST7735R\st7735r-ram_framebuffer.adb:91:59" }
edge: { sourcename: "st7735r__ram_framebuffer__update_layer" targetname: "__gnat_rcheck_CE_Range_Check" label: "C:\Users\Saos\Git\Ada2\Ada_Drivers_Library\components\src\screen\ST7735R\st7735r-ram_framebuffer.adb:93:60" }
node: { title: "st7735r__set_address" label: "SET_ADDRESS\nC:\Users\Saos\Git\Ada2\Ada_Drivers_Library\components\src\screen\ST7735R\st7735r.ads:153:14" shape : ellipse }
edge: { sourcename: "st7735r__ram_framebuffer__update_layer" targetname: "st7735r__set_address" label: "C:\Users\Saos\Git\Ada2\Ada_Drivers_Library\components\src\screen\ST7735R\st7735r-ram_framebuffer.adb:89:7" }
node: { title: "st7735r__write_raw_pixels__2" label: "WRITE_RAW_PIXELS\nC:\Users\Saos\Git\Ada2\Ada_Drivers_Library\components\src\screen\ST7735R\st7735r.ads:166:14" shape : ellipse }
edge: { sourcename: "st7735r__ram_framebuffer__update_layer" targetname: "st7735r__write_raw_pixels__2" label: "C:\Users\Saos\Git\Ada2\Ada_Drivers_Library\components\src\screen\ST7735R\st7735r-ram_framebuffer.adb:94:14" }
node: { title: "st7735r__ram_framebuffer__update_layers" label: "UPDATE_LAYERS\nC:\Users\Saos\Git\Ada2\Ada_Drivers_Library\components\src\screen\ST7735R\st7735r-ram_framebuffer.adb:103:4\n16 bytes (static)" }
edge: { sourcename: "st7735r__ram_framebuffer__update_layers" targetname: "__gnat_rcheck_PE_Access_Before_Elaboration" label: "C:\Users\Saos\Git\Ada2\Ada_Drivers_Library\components\src\screen\ST7735R\st7735r-ram_framebuffer.adb:103:4" }
edge: { sourcename: "st7735r__ram_framebuffer__update_layers" targetname: "st7735r__ram_framebuffer__update_layer" label: "C:\Users\Saos\Git\Ada2\Ada_Drivers_Library\components\src\screen\ST7735R\st7735r-ram_framebuffer.adb:107:14" }
node: { title: "st7735r__ram_framebuffer__hidden_buffer" label: "HIDDEN_BUFFER\nC:\Users\Saos\Git\Ada2\Ada_Drivers_Library\components\src\screen\ST7735R\st7735r-ram_framebuffer.adb:115:4\n16 bytes (static)" }
edge: { sourcename: "st7735r__ram_framebuffer__hidden_buffer" targetname: "__gnat_rcheck_PE_Access_Before_Elaboration" label: "C:\Users\Saos\Git\Ada2\Ada_Drivers_Library\components\src\screen\ST7735R\st7735r-ram_framebuffer.adb:115:4" }
edge: { sourcename: "st7735r__ram_framebuffer__hidden_buffer" targetname: "__gnat_rcheck_PE_Explicit_Raise" label: "C:\Users\Saos\Git\Ada2\Ada_Drivers_Library\components\src\screen\ST7735R\st7735r-ram_framebuffer.adb:121:10" }
node: { title: "st7735r__ram_framebuffer___elabb" label: "RAM_FRAMEBUFFER\nC:\Users\Saos\Git\Ada2\Ada_Drivers_Library\components\src\screen\ST7735R\st7735r-ram_framebuffer.adb:32:1\n4 bytes (static)" }
node: { title: "st7735r__ram_framebuffer___elabs" label: "RAM_FRAMEBUFFER\nC:\Users\Saos\Git\Ada2\Ada_Drivers_Library\components\src\screen\ST7735R\st7735r-ram_framebuffer.ads:39:1\n8 bytes (static)" }
node: { title: "ada__tags__check_tsd" label: "Check_Tsd\nC:\users\saos\appdata\local\alire\cache\toolchains\gnat_arm_elf_14.1.3_184f9b28\arm-eabi\lib\gnat\embedded-nrf52833\gnat\a-tags.ads:466:14" shape : ellipse }
edge: { sourcename: "st7735r__ram_framebuffer___elabs" targetname: "ada__tags__check_tsd" label: "C:\Users\Saos\Git\Ada2\Ada_Drivers_Library\components\src\screen\ST7735R\st7735r-ram_framebuffer.ads:93:9" }
node: { title: "ada__tags__register_tag" label: "Register_Tag\nC:\users\saos\appdata\local\alire\cache\toolchains\gnat_arm_elf_14.1.3_184f9b28\arm-eabi\lib\gnat\embedded-nrf52833\gnat\a-tags.ads:553:14" shape : ellipse }
edge: { sourcename: "st7735r__ram_framebuffer___elabs" targetname: "ada__tags__register_tag" label: "C:\Users\Saos\Git\Ada2\Ada_Drivers_Library\components\src\screen\ST7735R\st7735r-ram_framebuffer.ads:93:9" }
}
